==================================================
APPIUM AUTOMATION LOG
==================================================
Started: 2026-08-25T16:48:19.747878100
Device: moto g85 5g
UDID: ZA222MSVRX
Package: com.influencer.marketing

2026-08-25 16:48:19 [STEP] STEP 0: STARTING APPIUM
2026-08-25 16:48:19 [INFO] Connecting to Appium server...
2026-08-25 16:48:19 [INFO] Server: http://127.0.0.1:4723
2026-08-25 16:48:41 [ERROR] 
2026-08-25 16:48:41 [ERROR] ==================================================
2026-08-25 16:48:41 [ERROR]               AUTOMATION FAILED
2026-08-25 16:48:41 [ERROR] ==================================================
2026-08-25 16:48:41 [ERROR] Failed Step: STEP 0 - START APPIUM
2026-08-25 16:48:41 [ERROR] Reason: Could not start a new session. Response code 500. Message: Could not find a connected Android device in 20000ms 
Host info: host: 'GULSHANSINGH', ip: '192.168.1.23'
Build info: version: '4.10.0', revision: 'c14d967899'
System info: os.name: 'Windows 11', os.arch: 'amd64', os.version: '10.0', java.version: '17.0.2'
Driver info: io.appium.java_client.android.AndroidDriver
Command: [null, newSession {capabilities=[{appium:appActivity=.MainActivity, appium:appPackage=com.influencer.marketing, appium:automationName=UiAutomator2, appium:deviceName=moto g85 5g, appium:newCommandTimeout=120, appium:noReset=false, appium:udid=ZA222MSVRX, platformName=ANDROID}], desiredCapabilities=Capabilities {appium:appActivity: .MainActivity, appium:appPackage: com.influencer.marketing, appium:automationName: UiAutomator2, appium:deviceName: moto g85 5g, appium:newCommandTimeout: 120, appium:noReset: false, appium:udid: ZA222MSVRX, platformName: ANDROID}}]
Capabilities {appium:appActivity: .MainActivity, appium:appPackage: com.influencer.marketing, appium:automationName: UiAutomator2, appium:deviceName: moto g85 5g, appium:newCommandTimeout: 120, appium:noReset: false, appium:udid: ZA222MSVRX, platformName: ANDROID}
2026-08-25 16:48:41 [ERROR] Failed Step: STEP 0 - START APPIUM
2026-08-25 16:48:41 [ERROR] Reason: Could not start a new session. Response code 500. Message: Could not find a connected Android device in 20000ms 
Host info: host: 'GULSHANSINGH', ip: '192.168.1.23'
Build info: version: '4.10.0', revision: 'c14d967899'
System info: os.name: 'Windows 11', os.arch: 'amd64', os.version: '10.0', java.version: '17.0.2'
Driver info: io.appium.java_client.android.AndroidDriver
Command: [null, newSession {capabilities=[{appium:appActivity=.MainActivity, appium:appPackage=com.influencer.marketing, appium:automationName=UiAutomator2, appium:deviceName=moto g85 5g, appium:newCommandTimeout=120, appium:noReset=false, appium:udid=ZA222MSVRX, platformName=ANDROID}], desiredCapabilities=Capabilities {appium:appActivity: .MainActivity, appium:appPackage: com.influencer.marketing, appium:automationName: UiAutomator2, appium:deviceName: moto g85 5g, appium:newCommandTimeout: 120, appium:noReset: false, appium:udid: ZA222MSVRX, platformName: ANDROID}}]
Capabilities {appium:appActivity: .MainActivity, appium:appPackage: com.influencer.marketing, appium:automationName: UiAutomator2, appium:deviceName: moto g85 5g, appium:newCommandTimeout: 120, appium:noReset: false, appium:udid: ZA222MSVRX, platformName: ANDROID}
2026-08-25 16:48:41 [ERROR] Exception Details:
org.openqa.selenium.SessionNotCreatedException: Could not start a new session. Response code 500. Message: Could not find a connected Android device in 20000ms 
Host info: host: 'GULSHANSINGH', ip: '192.168.1.23'
Build info: version: '4.10.0', revision: 'c14d967899'
System info: os.name: 'Windows 11', os.arch: 'amd64', os.version: '10.0', java.version: '17.0.2'
Driver info: io.appium.java_client.android.AndroidDriver
Command: [null, newSession {capabilities=[{appium:appActivity=.MainActivity, appium:appPackage=com.influencer.marketing, appium:automationName=UiAutomator2, appium:deviceName=moto g85 5g, appium:newCommandTimeout=120, appium:noReset=false, appium:udid=ZA222MSVRX, platformName=ANDROID}], desiredCapabilities=Capabilities {appium:appActivity: .MainActivity, appium:appPackage: com.influencer.marketing, appium:automationName: UiAutomator2, appium:deviceName: moto g85 5g, appium:newCommandTimeout: 120, appium:noReset: false, appium:udid: ZA222MSVRX, platformName: ANDROID}}]
Capabilities {appium:appActivity: .MainActivity, appium:appPackage: com.influencer.marketing, appium:automationName: UiAutomator2, appium:deviceName: moto g85 5g, appium:newCommandTimeout: 120, appium:noReset: false, appium:udid: ZA222MSVRX, platformName: ANDROID}
	at org.openqa.selenium.remote.ProtocolHandshake.createSession(ProtocolHandshake.java:140)
	at java.base/jdk.internal.reflect.NativeMethodAccessorImpl.invoke0(Native Method)
	at java.base/jdk.internal.reflect.NativeMethodAccessorImpl.invoke(NativeMethodAccessorImpl.java:77)
	at java.base/jdk.internal.reflect.DelegatingMethodAccessorImpl.invoke(DelegatingMethodAccessorImpl.java:43)
	at java.base/java.lang.reflect.Method.invoke(Method.java:568)
	at io.appium.java_client.remote.AppiumProtocolHandshake.createSession(AppiumProtocolHandshake.java:133)
	at io.appium.java_client.remote.AppiumProtocolHandshake.createSession(AppiumProtocolHandshake.java:102)
	at io.appium.java_client.remote.AppiumCommandExecutor.createSession(AppiumCommandExecutor.java:182)
	at io.appium.java_client.remote.AppiumCommandExecutor.execute(AppiumCommandExecutor.java:250)
	at org.openqa.selenium.remote.RemoteWebDriver.execute(RemoteWebDriver.java:531)
	at io.appium.java_client.AppiumDriver.startSession(AppiumDriver.java:274)
	at org.openqa.selenium.remote.RemoteWebDriver.<init>(RemoteWebDriver.java:154)
	at io.appium.java_client.AppiumDriver.<init>(AppiumDriver.java:89)
	at io.appium.java_client.AppiumDriver.<init>(AppiumDriver.java:101)
	at io.appium.java_client.android.AndroidDriver.<init>(AndroidDriver.java:113)
	at com.influencer.marketing.AppiumConnectionTest.startAppium(AppiumConnectionTest.java:582)
	at com.influencer.marketing.AppiumConnectionTest.main(AppiumConnectionTest.java:158)
	at org.codehaus.mojo.exec.ExecJavaMojo.doMain(ExecJavaMojo.java:375)
	at org.codehaus.mojo.exec.ExecJavaMojo.doExec(ExecJavaMojo.java:364)
	at org.codehaus.mojo.exec.ExecJavaMojo.lambda$execute$0(ExecJavaMojo.java:286)
	at java.base/java.lang.Thread.run(Thread.java:833)

2026-08-25 16:48:41 [ERROR] Complete error log saved:
2026-08-25 16:48:41 [ERROR] D:\Influish-Automation\automation-results\logs\automation-2026-08-25_16-48-19.log

==================================================
AUTOMATION EXECUTION FINISHED
Time: 2026-08-25T16:48:41.064443
==================================================
