==================================================
APPIUM AUTOMATION LOG
==================================================
Started: 2026-08-25T17:10:12.648782900
Device: moto g85 5g
UDID: ZA222MSVRX
Package: com.influencer.marketing

2026-08-25 17:10:12 [STEP] STEP 0: STARTING APPIUM
2026-08-25 17:10:12 [INFO] Connecting to Appium server...
2026-08-25 17:10:12 [INFO] Server: http://127.0.0.1:4723
2026-08-25 17:10:21 [PASS] Appium session created successfully.
2026-08-25 17:10:21 [PASS] Appium connected successfully.
2026-08-25 17:10:21 [INFO] Device: moto g85 5g
2026-08-25 17:10:21 [INFO] UDID: ZA222MSVRX
2026-08-25 17:10:21 [INFO] Package: com.influencer.marketing
2026-08-25 17:10:21 [INFO] Activity: .MainActivity
2026-08-25 17:10:21 [PASS] Application launched successfully.
2026-08-25 17:10:21 [PASS] ✓ STEP 0 COMPLETED
2026-08-25 17:10:21 [PASS] STEP 0 COMPLETED
2026-08-25 17:10:21 [STEP] STEP 1: CONTENT CREATOR
2026-08-25 17:10:21 [INFO] Looking for Content Creator...
2026-08-25 17:10:28 [PASS] Content Creator found.
2026-08-25 17:10:30 [PASS] Content Creator clicked.
2026-08-25 17:10:30 [PASS] ✓ STEP 1 COMPLETED
2026-08-25 17:10:30 [PASS] STEP 1 COMPLETED
2026-08-25 17:10:30 [STEP] STEP 2: GOOGLE AUTOFILL
2026-08-25 17:10:30 [INFO] Checking Google Autofill popup...
2026-08-25 17:10:31 [PASS] Google Autofill popup dismissed.
2026-08-25 17:10:31 [PASS] ✓ STEP 2 COMPLETED
2026-08-25 17:10:31 [PASS] STEP 2 COMPLETED
2026-08-25 17:10:31 [STEP] STEP 3: MOBILE NUMBER
2026-08-25 17:10:31 [INFO] Looking for mobile number field...
2026-08-25 17:10:31 [PASS] Mobile number field found.
2026-08-25 17:10:32 [INFO] Entering mobile number...
2026-08-25 17:10:32 [PASS] Mobile number entered successfully.
2026-08-25 17:10:32 [PASS] ✓ STEP 3 COMPLETED
2026-08-25 17:10:32 [PASS] STEP 3 COMPLETED
2026-08-25 17:10:32 [STEP] STEP 4: GET OTP
2026-08-25 17:10:32 [INFO] Looking for Get OTP button...
2026-08-25 17:10:33 [PASS] Get OTP button found.
2026-08-25 17:10:34 [PASS] Get OTP clicked.
2026-08-25 17:10:34 [PASS] ✓ STEP 4 COMPLETED
2026-08-25 17:10:34 [PASS] STEP 4 COMPLETED
2026-08-25 17:10:34 [STEP] STEP 5: OTP SCREEN
2026-08-25 17:10:34 [INFO] Waiting for OTP screen...
2026-08-25 17:10:36 [PASS] OTP screen detected.
2026-08-25 17:10:38 [PASS] OTP screen is ready.
2026-08-25 17:10:38 [PASS] ✓ STEP 5 COMPLETED
2026-08-25 17:10:38 [PASS] STEP 5 COMPLETED
2026-08-25 17:10:38 [STEP] STEP 6: ENTER OTP
2026-08-25 17:10:38 [INFO] Opening OTP input field...
2026-08-25 17:10:38 [INFO] Tapped coordinate: (144, 1757)
2026-08-25 17:10:38 [PASS] OTP input field opened.
2026-08-25 17:10:38 [INFO] Waiting for keypad...
2026-08-25 17:10:41 [PASS] OTP keypad ready.
2026-08-25 17:10:41 [INFO] Entering digit 1/6: 1
2026-08-25 17:10:41 [INFO] Tapped coordinate: (185, 1740)
2026-08-25 17:10:41 [PASS] Digit 1 entered.
2026-08-25 17:10:41 [INFO] Entering digit 2/6: 2
2026-08-25 17:10:41 [INFO] Tapped coordinate: (423, 1740)
2026-08-25 17:10:41 [PASS] Digit 2 entered.
2026-08-25 17:10:42 [INFO] Entering digit 3/6: 3
2026-08-25 17:10:42 [INFO] Tapped coordinate: (674, 1740)
2026-08-25 17:10:42 [PASS] Digit 3 entered.
2026-08-25 17:10:42 [INFO] Entering digit 4/6: 4
2026-08-25 17:10:43 [INFO] Tapped coordinate: (185, 1885)
2026-08-25 17:10:43 [PASS] Digit 4 entered.
2026-08-25 17:10:43 [INFO] Entering digit 5/6: 5
2026-08-25 17:10:43 [INFO] Tapped coordinate: (423, 1885)
2026-08-25 17:10:43 [PASS] Digit 5 entered.
2026-08-25 17:10:44 [INFO] Entering digit 6/6: 6
2026-08-25 17:10:44 [INFO] Tapped coordinate: (674, 1885)
2026-08-25 17:10:44 [PASS] Digit 6 entered.
2026-08-25 17:10:47 [PASS] OTP entered successfully: REDACTED
2026-08-25 17:10:47 [PASS] ✓ STEP 6 COMPLETED
2026-08-25 17:10:47 [PASS] STEP 6 COMPLETED
2026-08-25 17:10:47 [STEP] STEP 7: VERIFY
2026-08-25 17:10:47 [INFO] Looking for Verify button...
2026-08-25 17:10:49 [PASS] Verify button found.
2026-08-25 17:10:49 [INFO] Clicking Verify...
2026-08-25 17:10:49 [PASS] Verify button clicked.
2026-08-25 17:10:49 [INFO] Waiting for login...
2026-08-25 17:10:54 [PASS] Login completed.
2026-08-25 17:10:54 [PASS] ✓ STEP 7 COMPLETED
2026-08-25 17:10:54 [PASS] STEP 7 COMPLETED
2026-08-25 17:10:54 [STEP] STEP 8: HOME SCREEN
2026-08-25 17:10:54 [INFO] Waiting for application to reach Home...
2026-08-25 17:10:57 [INFO] Checking notification permission...
2026-08-25 17:10:58 [PASS] Notification permission popup detected.
2026-08-25 17:10:58 [INFO] Clicking Allow...
2026-08-25 17:10:58 [PASS] Notification permission allowed.
2026-08-25 17:10:59 [INFO] Waiting for application to return...
2026-08-25 17:11:00 [PASS] Application returned to foreground.
2026-08-25 17:11:00 [INFO] Checking for Instagram connection screen...
2026-08-25 17:11:50 [WARNING] Instagram connection screen detected.
2026-08-25 17:11:50 [INFO] Exiting Instagram connection screen...
2026-08-25 17:11:50 [INFO] Tapped coordinate: (981, 187)
2026-08-25 17:11:50 [PASS] Instagram connection screen exited.
2026-08-25 17:11:52 [INFO] Checking Home screen...
2026-08-25 17:11:54 [PASS] Home screen found.
2026-08-25 17:11:54 [INFO] Checking Home screen ScrollView...
2026-08-25 17:11:54 [PASS] Home screen ScrollView found.
2026-08-25 17:11:54 [PASS] Home screen ScrollView is scrollable.
2026-08-25 17:11:54 [PASS] Home screen loaded successfully.
2026-08-25 17:11:54 [INFO] Current Package: com.influencer.marketing
2026-08-25 17:11:54 [INFO] Current Activity: .MainActivity
2026-08-25 17:11:54 [INFO] Keeping application open for 30 seconds...
2026-08-25 17:11:54 [INFO] Application closing in 30 seconds...
2026-08-25 17:11:55 [INFO] Application closing in 29 seconds...
2026-08-25 17:11:56 [INFO] Application closing in 28 seconds...
2026-08-25 17:11:57 [INFO] Application closing in 27 seconds...
2026-08-25 17:11:58 [INFO] Application closing in 26 seconds...
2026-08-25 17:11:59 [INFO] Application closing in 25 seconds...
2026-08-25 17:12:00 [INFO] Application closing in 24 seconds...
2026-08-25 17:12:01 [INFO] Application closing in 23 seconds...
2026-08-25 17:12:02 [INFO] Application closing in 22 seconds...
2026-08-25 17:12:03 [INFO] Application closing in 21 seconds...
2026-08-25 17:12:04 [INFO] Application closing in 20 seconds...
2026-08-25 17:12:05 [INFO] Application closing in 19 seconds...
2026-08-25 17:12:06 [INFO] Application closing in 18 seconds...
2026-08-25 17:12:07 [INFO] Application closing in 17 seconds...
2026-08-25 17:12:08 [INFO] Application closing in 16 seconds...
2026-08-25 17:12:09 [INFO] Application closing in 15 seconds...
2026-08-25 17:12:10 [INFO] Application closing in 14 seconds...
2026-08-25 17:12:11 [INFO] Application closing in 13 seconds...
2026-08-25 17:12:12 [INFO] Application closing in 12 seconds...
2026-08-25 17:12:13 [INFO] Application closing in 11 seconds...
2026-08-25 17:12:14 [INFO] Application closing in 10 seconds...
2026-08-25 17:12:15 [INFO] Application closing in 9 seconds...
2026-08-25 17:12:16 [INFO] Application closing in 8 seconds...
2026-08-25 17:12:17 [INFO] Application closing in 7 seconds...
2026-08-25 17:12:18 [INFO] Application closing in 6 seconds...
2026-08-25 17:12:19 [INFO] Application closing in 5 seconds...
2026-08-25 17:12:20 [INFO] Application closing in 4 seconds...
2026-08-25 17:12:21 [INFO] Application closing in 3 seconds...
2026-08-25 17:12:22 [INFO] Application closing in 2 seconds...
2026-08-25 17:12:23 [INFO] Application closing in 1 seconds...
2026-08-25 17:12:24 [PASS] Home screen wait completed.
2026-08-25 17:12:24 [PASS] ✓ STEP 8 COMPLETED
2026-08-25 17:12:24 [PASS] STEP 8 COMPLETED
2026-08-25 17:12:24 [PASS] 
2026-08-25 17:12:24 [PASS] ==================================================
2026-08-25 17:12:24 [PASS]        AUTOMATION FLOW COMPLETED SUCCESSFULLY
2026-08-25 17:12:24 [PASS] ==================================================
2026-08-25 17:12:24 [PASS] Execution log: D:\Influish-Automation\automation-results\logs\automation-2026-08-25_17-10-12.log
2026-08-25 17:12:25 [PASS] Appium session closed successfully.

==================================================
AUTOMATION EXECUTION FINISHED
Time: 2026-08-25T17:12:25.909333600
==================================================
