==================================================
APPIUM AUTOMATION LOG
==================================================
Started: 2026-08-26T09:51:16.961736100
Device: moto g85 5g
UDID: ZA222MSVRX
Package: com.influencer.marketing

2026-08-26 09:51:16 [STEP] STEP 0: STARTING APPIUM
2026-08-26 09:51:16 [INFO] Connecting to Appium server...
2026-08-26 09:51:16 [INFO] Server: http://127.0.0.1:4723
2026-08-26 09:51:29 [PASS] Appium session created successfully.
2026-08-26 09:51:29 [PASS] Appium connected successfully.
2026-08-26 09:51:29 [INFO] Device: moto g85 5g
2026-08-26 09:51:29 [INFO] UDID: ZA222MSVRX
2026-08-26 09:51:29 [INFO] Package: com.influencer.marketing
2026-08-26 09:51:29 [INFO] Activity: .MainActivity
2026-08-26 09:51:29 [PASS] Application launched successfully.
2026-08-26 09:51:29 [PASS] ✓ STEP 0 COMPLETED
2026-08-26 09:51:29 [PASS] STEP 0 COMPLETED
2026-08-26 09:51:29 [STEP] STEP 1: CONTENT CREATOR
2026-08-26 09:51:29 [INFO] Looking for Content Creator...
2026-08-26 09:51:37 [PASS] Content Creator found.
2026-08-26 09:51:39 [PASS] Content Creator clicked.
2026-08-26 09:51:39 [PASS] ✓ STEP 1 COMPLETED
2026-08-26 09:51:39 [PASS] STEP 1 COMPLETED
2026-08-26 09:51:39 [STEP] STEP 2: GOOGLE AUTOFILL
2026-08-26 09:51:39 [INFO] Checking Google Autofill popup...
2026-08-26 09:51:39 [PASS] Google Autofill popup dismissed.
2026-08-26 09:51:39 [PASS] ✓ STEP 2 COMPLETED
2026-08-26 09:51:39 [PASS] STEP 2 COMPLETED
2026-08-26 09:51:39 [STEP] STEP 3: MOBILE NUMBER
2026-08-26 09:51:39 [INFO] Looking for mobile number field...
2026-08-26 09:51:39 [PASS] Mobile number field found.
2026-08-26 09:51:40 [INFO] Entering mobile number...
2026-08-26 09:51:41 [PASS] Mobile number entered successfully.
2026-08-26 09:51:41 [PASS] ✓ STEP 3 COMPLETED
2026-08-26 09:51:41 [PASS] STEP 3 COMPLETED
2026-08-26 09:51:41 [STEP] STEP 4: GET OTP
2026-08-26 09:51:41 [INFO] Looking for Get OTP button...
2026-08-26 09:51:42 [PASS] Get OTP button found.
2026-08-26 09:51:42 [PASS] Get OTP clicked.
2026-08-26 09:51:42 [PASS] ✓ STEP 4 COMPLETED
2026-08-26 09:51:42 [PASS] STEP 4 COMPLETED
2026-08-26 09:51:42 [STEP] STEP 5: OTP SCREEN
2026-08-26 09:51:42 [INFO] Waiting for OTP screen...
2026-08-26 09:51:45 [PASS] OTP screen detected.
2026-08-26 09:51:47 [PASS] OTP screen is ready.
2026-08-26 09:51:47 [PASS] ✓ STEP 5 COMPLETED
2026-08-26 09:51:47 [PASS] STEP 5 COMPLETED
2026-08-26 09:51:47 [STEP] STEP 6: ENTER OTP
2026-08-26 09:51:47 [INFO] Opening OTP input field...
2026-08-26 09:51:47 [INFO] Tapped coordinate: (144, 1757)
2026-08-26 09:51:47 [PASS] OTP input field opened.
2026-08-26 09:51:47 [INFO] Waiting for keypad...
2026-08-26 09:51:49 [PASS] OTP keypad ready.
2026-08-26 09:51:49 [INFO] Entering digit 1/6: 1
2026-08-26 09:51:50 [INFO] Tapped coordinate: (185, 1740)
2026-08-26 09:51:50 [PASS] Digit 1 entered.
2026-08-26 09:51:50 [INFO] Entering digit 2/6: 2
2026-08-26 09:51:50 [INFO] Tapped coordinate: (423, 1740)
2026-08-26 09:51:50 [PASS] Digit 2 entered.
2026-08-26 09:51:51 [INFO] Entering digit 3/6: 3
2026-08-26 09:51:51 [INFO] Tapped coordinate: (674, 1740)
2026-08-26 09:51:51 [PASS] Digit 3 entered.
2026-08-26 09:51:51 [INFO] Entering digit 4/6: 4
2026-08-26 09:51:51 [INFO] Tapped coordinate: (185, 1885)
2026-08-26 09:51:51 [PASS] Digit 4 entered.
2026-08-26 09:51:52 [INFO] Entering digit 5/6: 5
2026-08-26 09:51:52 [INFO] Tapped coordinate: (423, 1885)
2026-08-26 09:51:52 [PASS] Digit 5 entered.
2026-08-26 09:51:52 [INFO] Entering digit 6/6: 6
2026-08-26 09:51:52 [INFO] Tapped coordinate: (674, 1885)
2026-08-26 09:51:52 [PASS] Digit 6 entered.
2026-08-26 09:51:56 [PASS] OTP entered successfully: REDACTED
2026-08-26 09:51:56 [PASS] ✓ STEP 6 COMPLETED
2026-08-26 09:51:56 [PASS] STEP 6 COMPLETED
2026-08-26 09:51:56 [STEP] STEP 7: VERIFY
2026-08-26 09:51:56 [INFO] Looking for Verify button...
2026-08-26 09:51:57 [PASS] Verify button found.
2026-08-26 09:51:57 [INFO] Clicking Verify...
2026-08-26 09:51:59 [PASS] Verify button clicked.
2026-08-26 09:51:59 [INFO] Waiting for login...
2026-08-26 09:52:05 [PASS] Login completed.
2026-08-26 09:52:05 [PASS] ✓ STEP 7 COMPLETED
2026-08-26 09:52:05 [PASS] STEP 7 COMPLETED
2026-08-26 09:52:05 [STEP] STEP 8: HOME SCREEN
2026-08-26 09:52:05 [INFO] Waiting for application to reach Home...
2026-08-26 09:52:08 [INFO] Checking notification permission...
2026-08-26 09:52:08 [PASS] Notification permission popup detected.
2026-08-26 09:52:08 [INFO] Clicking Allow...
2026-08-26 09:52:08 [PASS] Notification permission allowed.
2026-08-26 09:52:09 [INFO] Waiting for application to return...
2026-08-26 09:52:10 [PASS] Application returned to foreground.
2026-08-26 09:52:10 [INFO] Checking for Instagram connection screen...
2026-08-26 09:53:00 [WARNING] Instagram connection screen detected.
2026-08-26 09:53:00 [INFO] Exiting Instagram connection screen...
2026-08-26 09:53:00 [INFO] Tapped coordinate: (981, 187)
2026-08-26 09:53:00 [PASS] Instagram connection screen exited.
2026-08-26 09:53:02 [INFO] Checking Home screen...
2026-08-26 09:53:02 [PASS] Home screen found.
2026-08-26 09:53:02 [INFO] Checking Home screen ScrollView...
2026-08-26 09:53:02 [PASS] Home screen ScrollView found.
2026-08-26 09:53:02 [PASS] Home screen ScrollView is scrollable.
2026-08-26 09:53:02 [PASS] Home screen loaded successfully.
2026-08-26 09:53:02 [INFO] Current Package: com.influencer.marketing
2026-08-26 09:53:02 [INFO] Current Activity: .MainActivity
2026-08-26 09:53:02 [INFO] Keeping application open for 30 seconds...
2026-08-26 09:53:02 [INFO] Application closing in 30 seconds...
2026-08-26 09:53:03 [INFO] Application closing in 29 seconds...
2026-08-26 09:53:04 [INFO] Application closing in 28 seconds...
2026-08-26 09:53:05 [INFO] Application closing in 27 seconds...
2026-08-26 09:53:06 [INFO] Application closing in 26 seconds...
2026-08-26 09:53:07 [INFO] Application closing in 25 seconds...
2026-08-26 09:53:08 [INFO] Application closing in 24 seconds...
2026-08-26 09:53:09 [INFO] Application closing in 23 seconds...
2026-08-26 09:53:10 [INFO] Application closing in 22 seconds...
2026-08-26 09:53:11 [INFO] Application closing in 21 seconds...
2026-08-26 09:53:12 [INFO] Application closing in 20 seconds...
2026-08-26 09:53:13 [INFO] Application closing in 19 seconds...
2026-08-26 09:53:14 [INFO] Application closing in 18 seconds...
2026-08-26 09:53:15 [INFO] Application closing in 17 seconds...
2026-08-26 09:53:16 [INFO] Application closing in 16 seconds...
2026-08-26 09:53:17 [INFO] Application closing in 15 seconds...
2026-08-26 09:53:18 [INFO] Application closing in 14 seconds...
2026-08-26 09:53:19 [INFO] Application closing in 13 seconds...
2026-08-26 09:53:20 [INFO] Application closing in 12 seconds...
2026-08-26 09:53:21 [INFO] Application closing in 11 seconds...
2026-08-26 09:53:22 [INFO] Application closing in 10 seconds...
2026-08-26 09:53:23 [INFO] Application closing in 9 seconds...
2026-08-26 09:53:24 [INFO] Application closing in 8 seconds...
2026-08-26 09:53:25 [INFO] Application closing in 7 seconds...
2026-08-26 09:53:26 [INFO] Application closing in 6 seconds...
2026-08-26 09:53:27 [INFO] Application closing in 5 seconds...
2026-08-26 09:53:28 [INFO] Application closing in 4 seconds...
2026-08-26 09:53:29 [INFO] Application closing in 3 seconds...
2026-08-26 09:53:30 [INFO] Application closing in 2 seconds...
2026-08-26 09:53:31 [INFO] Application closing in 1 seconds...
2026-08-26 09:53:33 [PASS] Home screen wait completed.
2026-08-26 09:53:33 [PASS] ✓ STEP 8 COMPLETED
2026-08-26 09:53:33 [PASS] STEP 8 COMPLETED
2026-08-26 09:53:33 [PASS] 
2026-08-26 09:53:33 [PASS] ==================================================
2026-08-26 09:53:33 [PASS]        AUTOMATION FLOW COMPLETED SUCCESSFULLY
2026-08-26 09:53:33 [PASS] ==================================================
2026-08-26 09:53:33 [PASS] Execution log: D:\Influish-Automation\automation-results\logs\automation-2026-08-26_09-51-16.log
2026-08-26 09:53:34 [PASS] Appium session closed successfully.

==================================================
AUTOMATION EXECUTION FINISHED
Time: 2026-08-26T09:53:34.277184700
==================================================
