==================================================
APPIUM AUTOMATION LOG
==================================================
Started: 2026-08-25T16:51:31.214622300
Device: moto g85 5g
UDID: ZA222MSVRX
Package: com.influencer.marketing

2026-08-25 16:51:31 [STEP] STEP 0: STARTING APPIUM
2026-08-25 16:51:31 [INFO] Connecting to Appium server...
2026-08-25 16:51:31 [INFO] Server: http://127.0.0.1:4723
2026-08-25 16:51:40 [PASS] Appium session created successfully.
2026-08-25 16:51:40 [PASS] Appium connected successfully.
2026-08-25 16:51:40 [INFO] Device: moto g85 5g
2026-08-25 16:51:40 [INFO] UDID: ZA222MSVRX
2026-08-25 16:51:40 [INFO] Package: com.influencer.marketing
2026-08-25 16:51:40 [INFO] Activity: .MainActivity
2026-08-25 16:51:40 [PASS] Application launched successfully.
2026-08-25 16:51:40 [PASS] ✓ STEP 0 COMPLETED
2026-08-25 16:51:40 [PASS] STEP 0 COMPLETED
2026-08-25 16:51:40 [STEP] STEP 1: CONTENT CREATOR
2026-08-25 16:51:40 [INFO] Looking for Content Creator...
2026-08-25 16:51:48 [PASS] Content Creator found.
2026-08-25 16:51:49 [PASS] Content Creator clicked.
2026-08-25 16:51:49 [PASS] ✓ STEP 1 COMPLETED
2026-08-25 16:51:49 [PASS] STEP 1 COMPLETED
2026-08-25 16:51:49 [STEP] STEP 2: GOOGLE AUTOFILL
2026-08-25 16:51:49 [INFO] Checking Google Autofill popup...
2026-08-25 16:51:50 [PASS] Google Autofill popup dismissed.
2026-08-25 16:51:50 [PASS] ✓ STEP 2 COMPLETED
2026-08-25 16:51:50 [PASS] STEP 2 COMPLETED
2026-08-25 16:51:50 [STEP] STEP 3: MOBILE NUMBER
2026-08-25 16:51:50 [INFO] Looking for mobile number field...
2026-08-25 16:51:50 [PASS] Mobile number field found.
2026-08-25 16:51:52 [INFO] Entering mobile number...
2026-08-25 16:51:52 [PASS] Mobile number entered successfully.
2026-08-25 16:51:52 [PASS] ✓ STEP 3 COMPLETED
2026-08-25 16:51:52 [PASS] STEP 3 COMPLETED
2026-08-25 16:51:52 [STEP] STEP 4: GET OTP
2026-08-25 16:51:52 [INFO] Looking for Get OTP button...
2026-08-25 16:51:53 [PASS] Get OTP button found.
2026-08-25 16:51:54 [PASS] Get OTP clicked.
2026-08-25 16:51:54 [PASS] ✓ STEP 4 COMPLETED
2026-08-25 16:51:54 [PASS] STEP 4 COMPLETED
2026-08-25 16:51:54 [STEP] STEP 5: OTP SCREEN
2026-08-25 16:51:54 [INFO] Waiting for OTP screen...
2026-08-25 16:51:57 [PASS] OTP screen detected.
2026-08-25 16:51:58 [PASS] OTP screen is ready.
2026-08-25 16:51:58 [PASS] ✓ STEP 5 COMPLETED
2026-08-25 16:51:58 [PASS] STEP 5 COMPLETED
2026-08-25 16:51:58 [STEP] STEP 6: ENTER OTP
2026-08-25 16:51:58 [INFO] Opening OTP input field...
2026-08-25 16:51:58 [INFO] Tapped coordinate: (144, 1757)
2026-08-25 16:51:58 [PASS] OTP input field opened.
2026-08-25 16:51:58 [INFO] Waiting for keypad...
2026-08-25 16:52:01 [PASS] OTP keypad ready.
2026-08-25 16:52:01 [INFO] Entering digit 1/6: 1
2026-08-25 16:52:01 [INFO] Tapped coordinate: (185, 1740)
2026-08-25 16:52:01 [PASS] Digit 1 entered.
2026-08-25 16:52:01 [INFO] Entering digit 2/6: 2
2026-08-25 16:52:02 [INFO] Tapped coordinate: (423, 1740)
2026-08-25 16:52:02 [PASS] Digit 2 entered.
2026-08-25 16:52:02 [INFO] Entering digit 3/6: 3
2026-08-25 16:52:02 [INFO] Tapped coordinate: (674, 1740)
2026-08-25 16:52:02 [PASS] Digit 3 entered.
2026-08-25 16:52:03 [INFO] Entering digit 4/6: 4
2026-08-25 16:52:03 [INFO] Tapped coordinate: (185, 1885)
2026-08-25 16:52:03 [PASS] Digit 4 entered.
2026-08-25 16:52:03 [INFO] Entering digit 5/6: 5
2026-08-25 16:52:03 [INFO] Tapped coordinate: (423, 1885)
2026-08-25 16:52:03 [PASS] Digit 5 entered.
2026-08-25 16:52:04 [INFO] Entering digit 6/6: 6
2026-08-25 16:52:04 [INFO] Tapped coordinate: (674, 1885)
2026-08-25 16:52:04 [PASS] Digit 6 entered.
2026-08-25 16:52:07 [PASS] OTP entered successfully: REDACTED
2026-08-25 16:52:07 [PASS] ✓ STEP 6 COMPLETED
2026-08-25 16:52:07 [PASS] STEP 6 COMPLETED
2026-08-25 16:52:07 [STEP] STEP 7: VERIFY
2026-08-25 16:52:07 [INFO] Looking for Verify button...
2026-08-25 16:52:09 [PASS] Verify button found.
2026-08-25 16:52:09 [INFO] Clicking Verify...
2026-08-25 16:52:11 [PASS] Verify button clicked.
2026-08-25 16:52:11 [INFO] Waiting for login...
2026-08-25 16:52:16 [PASS] Login completed.
2026-08-25 16:52:16 [PASS] ✓ STEP 7 COMPLETED
2026-08-25 16:52:16 [PASS] STEP 7 COMPLETED
2026-08-25 16:52:16 [STEP] STEP 8: HOME SCREEN
2026-08-25 16:52:16 [INFO] Waiting for application to reach Home...
2026-08-25 16:52:19 [INFO] Checking notification permission...
2026-08-25 16:52:19 [PASS] Notification permission popup detected.
2026-08-25 16:52:19 [INFO] Clicking Allow...
2026-08-25 16:52:19 [PASS] Notification permission allowed.
2026-08-25 16:52:21 [INFO] Waiting for application to return...
2026-08-25 16:52:21 [PASS] Application returned to foreground.
2026-08-25 16:52:21 [INFO] Checking for Instagram connection screen...
2026-08-25 16:53:02 [PASS] Instagram connection screen not present.
2026-08-25 16:53:02 [INFO] Checking Home screen ScrollView...
2026-08-25 16:54:22 [PASS] Home screen ScrollView found.
2026-08-25 16:54:42 [PASS] Home screen ScrollView is scrollable.
2026-08-25 16:54:42 [PASS] Home screen loaded successfully.
2026-08-25 16:54:42 [INFO] Current Package: com.influencer.marketing
2026-08-25 16:54:42 [INFO] Current Activity: .MainActivity
2026-08-25 16:54:42 [INFO] Keeping application open for 30 seconds...
2026-08-25 16:54:42 [INFO] Application closing in 30 seconds...
2026-08-25 16:54:43 [INFO] Application closing in 29 seconds...
2026-08-25 16:54:44 [INFO] Application closing in 28 seconds...
2026-08-25 16:54:45 [INFO] Application closing in 27 seconds...
2026-08-25 16:54:46 [INFO] Application closing in 26 seconds...
2026-08-25 16:54:47 [INFO] Application closing in 25 seconds...
2026-08-25 16:54:48 [INFO] Application closing in 24 seconds...
2026-08-25 16:54:49 [INFO] Application closing in 23 seconds...
2026-08-25 16:54:50 [INFO] Application closing in 22 seconds...
2026-08-25 16:54:51 [INFO] Application closing in 21 seconds...
2026-08-25 16:54:52 [INFO] Application closing in 20 seconds...
2026-08-25 16:54:53 [INFO] Application closing in 19 seconds...
2026-08-25 16:54:54 [INFO] Application closing in 18 seconds...
2026-08-25 16:54:55 [INFO] Application closing in 17 seconds...
2026-08-25 16:54:56 [INFO] Application closing in 16 seconds...
2026-08-25 16:54:57 [INFO] Application closing in 15 seconds...
2026-08-25 16:54:58 [INFO] Application closing in 14 seconds...
2026-08-25 16:54:59 [INFO] Application closing in 13 seconds...
2026-08-25 16:55:00 [INFO] Application closing in 12 seconds...
2026-08-25 16:55:01 [INFO] Application closing in 11 seconds...
2026-08-25 16:55:02 [INFO] Application closing in 10 seconds...
2026-08-25 16:55:03 [INFO] Application closing in 9 seconds...
2026-08-25 16:55:04 [INFO] Application closing in 8 seconds...
2026-08-25 16:55:06 [INFO] Application closing in 7 seconds...
2026-08-25 16:55:07 [INFO] Application closing in 6 seconds...
2026-08-25 16:55:08 [INFO] Application closing in 5 seconds...
2026-08-25 16:55:09 [INFO] Application closing in 4 seconds...
2026-08-25 16:55:10 [INFO] Application closing in 3 seconds...
2026-08-25 16:55:11 [INFO] Application closing in 2 seconds...
2026-08-25 16:55:12 [INFO] Application closing in 1 seconds...
2026-08-25 16:55:13 [PASS] Home screen wait completed.
2026-08-25 16:55:13 [PASS] ✓ STEP 8 COMPLETED
2026-08-25 16:55:13 [PASS] STEP 8 COMPLETED
2026-08-25 16:55:13 [PASS] 
2026-08-25 16:55:13 [PASS] ==================================================
2026-08-25 16:55:13 [PASS]        AUTOMATION FLOW COMPLETED SUCCESSFULLY
2026-08-25 16:55:13 [PASS] ==================================================
2026-08-25 16:55:13 [PASS] Execution log: D:\Influish-Automation\automation-results\logs\automation-2026-08-25_16-51-31.log
2026-08-25 16:55:14 [PASS] Appium session closed successfully.

==================================================
AUTOMATION EXECUTION FINISHED
Time: 2026-08-25T16:55:14.364489800
==================================================
