==================================================
APPIUM AUTOMATION LOG
==================================================
Started: 2026-08-26T11:39:37.634513700
Device: moto g85 5g
UDID: ZA222MSVRX
Package: com.influencer.marketing

2026-08-26 11:39:37 [STEP] STEP 0: STARTING APPIUM
2026-08-26 11:39:37 [INFO] Connecting to Appium server...
2026-08-26 11:39:37 [INFO] Server: http://127.0.0.1:4723
2026-08-26 11:39:49 [PASS] Appium session created successfully.
2026-08-26 11:39:49 [PASS] Appium connected successfully.
2026-08-26 11:39:49 [INFO] Device: moto g85 5g
2026-08-26 11:39:49 [INFO] UDID: ZA222MSVRX
2026-08-26 11:39:49 [INFO] Package: com.influencer.marketing
2026-08-26 11:39:49 [INFO] Activity: .MainActivity
2026-08-26 11:39:49 [PASS] Application launched successfully.
2026-08-26 11:39:49 [PASS] ✓ STEP 0 COMPLETED
2026-08-26 11:39:49 [PASS] STEP 0 COMPLETED
2026-08-26 11:39:49 [STEP] STEP 1: CONTENT CREATOR
2026-08-26 11:39:49 [INFO] Looking for Content Creator...
2026-08-26 11:39:56 [PASS] Content Creator found.
2026-08-26 11:39:58 [PASS] Content Creator clicked.
2026-08-26 11:39:58 [PASS] ✓ STEP 1 COMPLETED
2026-08-26 11:39:58 [PASS] STEP 1 COMPLETED
2026-08-26 11:39:58 [STEP] STEP 2: GOOGLE AUTOFILL
2026-08-26 11:39:58 [INFO] Checking Google Autofill popup...
2026-08-26 11:39:59 [PASS] Google Autofill popup dismissed.
2026-08-26 11:39:59 [PASS] ✓ STEP 2 COMPLETED
2026-08-26 11:39:59 [PASS] STEP 2 COMPLETED
2026-08-26 11:39:59 [STEP] STEP 3: MOBILE NUMBER
2026-08-26 11:39:59 [INFO] Looking for mobile number field...
2026-08-26 11:39:59 [PASS] Mobile number field found.
2026-08-26 11:40:00 [INFO] Entering mobile number...
2026-08-26 11:40:00 [PASS] Mobile number entered successfully.
2026-08-26 11:40:00 [PASS] ✓ STEP 3 COMPLETED
2026-08-26 11:40:00 [PASS] STEP 3 COMPLETED
2026-08-26 11:40:00 [STEP] STEP 4: GET OTP
2026-08-26 11:40:00 [INFO] Looking for Get OTP button...
2026-08-26 11:40:01 [PASS] Get OTP button found.
2026-08-26 11:40:02 [PASS] Get OTP clicked.
2026-08-26 11:40:02 [PASS] ✓ STEP 4 COMPLETED
2026-08-26 11:40:02 [PASS] STEP 4 COMPLETED
2026-08-26 11:40:02 [STEP] STEP 5: OTP SCREEN
2026-08-26 11:40:02 [INFO] Waiting for OTP screen...
2026-08-26 11:40:05 [PASS] OTP screen detected.
2026-08-26 11:40:06 [PASS] OTP screen is ready.
2026-08-26 11:40:06 [PASS] ✓ STEP 5 COMPLETED
2026-08-26 11:40:06 [PASS] STEP 5 COMPLETED
2026-08-26 11:40:06 [STEP] STEP 6: ENTER OTP
2026-08-26 11:40:06 [INFO] Opening OTP input field...
2026-08-26 11:40:06 [INFO] Tapped coordinate: (144, 1757)
2026-08-26 11:40:06 [PASS] OTP input field opened.
2026-08-26 11:40:06 [INFO] Waiting for keypad...
2026-08-26 11:40:09 [PASS] OTP keypad ready.
2026-08-26 11:40:09 [INFO] Entering digit 1/6: 1
2026-08-26 11:40:09 [INFO] Tapped coordinate: (185, 1740)
2026-08-26 11:40:09 [PASS] Digit 1 entered.
2026-08-26 11:40:09 [INFO] Entering digit 2/6: 2
2026-08-26 11:40:10 [INFO] Tapped coordinate: (423, 1740)
2026-08-26 11:40:10 [PASS] Digit 2 entered.
2026-08-26 11:40:10 [INFO] Entering digit 3/6: 3
2026-08-26 11:40:10 [INFO] Tapped coordinate: (674, 1740)
2026-08-26 11:40:10 [PASS] Digit 3 entered.
2026-08-26 11:40:11 [INFO] Entering digit 4/6: 4
2026-08-26 11:40:11 [INFO] Tapped coordinate: (185, 1885)
2026-08-26 11:40:11 [PASS] Digit 4 entered.
2026-08-26 11:40:11 [INFO] Entering digit 5/6: 5
2026-08-26 11:40:11 [INFO] Tapped coordinate: (423, 1885)
2026-08-26 11:40:11 [PASS] Digit 5 entered.
2026-08-26 11:40:12 [INFO] Entering digit 6/6: 6
2026-08-26 11:40:12 [INFO] Tapped coordinate: (674, 1885)
2026-08-26 11:40:12 [PASS] Digit 6 entered.
2026-08-26 11:40:15 [PASS] OTP entered successfully: REDACTED
2026-08-26 11:40:15 [PASS] ✓ STEP 6 COMPLETED
2026-08-26 11:40:15 [PASS] STEP 6 COMPLETED
2026-08-26 11:40:15 [STEP] STEP 7: VERIFY
2026-08-26 11:40:15 [INFO] Looking for Verify button...
2026-08-26 11:40:17 [PASS] Verify button found.
2026-08-26 11:40:17 [INFO] Clicking Verify...
2026-08-26 11:40:19 [PASS] Verify button clicked.
2026-08-26 11:40:19 [INFO] Waiting for login...
2026-08-26 11:40:24 [PASS] Login completed.
2026-08-26 11:40:24 [PASS] ✓ STEP 7 COMPLETED
2026-08-26 11:40:24 [PASS] STEP 7 COMPLETED
2026-08-26 11:40:24 [STEP] STEP 8: HOME SCREEN
2026-08-26 11:40:24 [INFO] Waiting for application to reach Home...
2026-08-26 11:40:27 [INFO] Checking notification permission...
2026-08-26 11:40:27 [PASS] Notification permission popup detected.
2026-08-26 11:40:27 [INFO] Clicking Allow...
2026-08-26 11:40:27 [PASS] Notification permission allowed.
2026-08-26 11:40:31 [INFO] Waiting for application to return...
2026-08-26 11:40:32 [PASS] Application returned to foreground.
2026-08-26 11:40:32 [INFO] Checking for Instagram connection screen...
2026-08-26 11:41:22 [WARNING] Instagram connection screen detected.
2026-08-26 11:41:22 [INFO] Exiting Instagram connection screen...
2026-08-26 11:41:22 [INFO] Tapped coordinate: (981, 187)
2026-08-26 11:41:22 [PASS] Instagram connection screen exit attempted.
2026-08-26 11:41:22 [INFO] Checking Home screen...
2026-08-26 11:41:24 [PASS] Home screen found.
2026-08-26 11:41:24 [INFO] Checking Home screen ScrollView...
2026-08-26 11:41:24 [PASS] Home screen ScrollView found.
2026-08-26 11:41:24 [PASS] Home screen ScrollView is scrollable.
2026-08-26 11:41:24 [PASS] Home screen loaded successfully.
2026-08-26 11:41:24 [INFO] Current Package: com.influencer.marketing
2026-08-26 11:41:24 [INFO] Current Activity: .MainActivity
2026-08-26 11:41:24 [INFO] Keeping application open for 30 seconds...
2026-08-26 11:41:24 [INFO] Application closing in 30 seconds...
2026-08-26 11:41:25 [INFO] Application closing in 29 seconds...
2026-08-26 11:41:26 [INFO] Application closing in 28 seconds...
2026-08-26 11:41:27 [INFO] Application closing in 27 seconds...
2026-08-26 11:41:28 [INFO] Application closing in 26 seconds...
2026-08-26 11:41:29 [INFO] Application closing in 25 seconds...
2026-08-26 11:41:30 [INFO] Application closing in 24 seconds...
2026-08-26 11:41:31 [INFO] Application closing in 23 seconds...
2026-08-26 11:41:32 [INFO] Application closing in 22 seconds...
2026-08-26 11:41:33 [INFO] Application closing in 21 seconds...
2026-08-26 11:41:34 [INFO] Application closing in 20 seconds...
2026-08-26 11:41:35 [INFO] Application closing in 19 seconds...
2026-08-26 11:41:36 [INFO] Application closing in 18 seconds...
2026-08-26 11:41:37 [INFO] Application closing in 17 seconds...
2026-08-26 11:41:38 [INFO] Application closing in 16 seconds...
2026-08-26 11:41:39 [INFO] Application closing in 15 seconds...
2026-08-26 11:41:40 [INFO] Application closing in 14 seconds...
2026-08-26 11:41:41 [INFO] Application closing in 13 seconds...
2026-08-26 11:41:42 [INFO] Application closing in 12 seconds...
2026-08-26 11:41:43 [INFO] Application closing in 11 seconds...
2026-08-26 11:41:44 [INFO] Application closing in 10 seconds...
2026-08-26 11:41:45 [INFO] Application closing in 9 seconds...
2026-08-26 11:41:46 [INFO] Application closing in 8 seconds...
2026-08-26 11:41:47 [INFO] Application closing in 7 seconds...
2026-08-26 11:41:48 [INFO] Application closing in 6 seconds...
2026-08-26 11:41:49 [INFO] Application closing in 5 seconds...
2026-08-26 11:41:50 [INFO] Application closing in 4 seconds...
2026-08-26 11:41:51 [INFO] Application closing in 3 seconds...
2026-08-26 11:41:52 [INFO] Application closing in 2 seconds...
2026-08-26 11:41:53 [INFO] Application closing in 1 seconds...
2026-08-26 11:41:54 [PASS] Home screen wait completed.
2026-08-26 11:41:54 [PASS] ✓ STEP 8 COMPLETED
2026-08-26 11:41:54 [PASS] STEP 8 COMPLETED
2026-08-26 11:41:54 [PASS] 
2026-08-26 11:41:54 [PASS] ==================================================
2026-08-26 11:41:54 [PASS]        AUTOMATION FLOW COMPLETED SUCCESSFULLY
2026-08-26 11:41:54 [PASS] ==================================================
2026-08-26 11:41:54 [PASS] Execution log: D:\Influish-Automation\automation-results\logs\automation-2026-08-26_11-39-37.log
2026-08-26 11:41:56 [PASS] Appium session closed successfully.

==================================================
AUTOMATION EXECUTION FINISHED
Time: 2026-08-26T11:41:56.617364800
==================================================
