==================================================
APPIUM AUTOMATION LOG
==================================================
Started: 2026-08-25T16:38:10.315687800
Device: moto g85 5g
UDID: ZA222MSVRX
Package: com.influencer.marketing

2026-08-25 16:38:10 [STEP] STEP 0: STARTING APPIUM
2026-08-25 16:38:10 [INFO] Connecting to Appium server...
2026-08-25 16:38:10 [INFO] Server: http://127.0.0.1:4723
2026-08-25 16:38:18 [PASS] Appium session created successfully.
2026-08-25 16:38:18 [PASS] Appium connected successfully.
2026-08-25 16:38:18 [INFO] Device: moto g85 5g
2026-08-25 16:38:18 [INFO] UDID: ZA222MSVRX
2026-08-25 16:38:18 [INFO] Package: com.influencer.marketing
2026-08-25 16:38:18 [INFO] Activity: .MainActivity
2026-08-25 16:38:18 [PASS] Application launched successfully.
2026-08-25 16:38:18 [PASS] ✓ STEP 0 COMPLETED
2026-08-25 16:38:18 [PASS] STEP 0 COMPLETED
2026-08-25 16:38:18 [STEP] STEP 1: CONTENT CREATOR
2026-08-25 16:38:18 [INFO] Looking for Content Creator...
2026-08-25 16:38:25 [PASS] Content Creator found.
2026-08-25 16:38:25 [PASS] Content Creator clicked.
2026-08-25 16:38:25 [PASS] ✓ STEP 1 COMPLETED
2026-08-25 16:38:25 [PASS] STEP 1 COMPLETED
2026-08-25 16:38:25 [STEP] STEP 2: GOOGLE AUTOFILL
2026-08-25 16:38:25 [INFO] Checking Google Autofill popup...
2026-08-25 16:38:27 [PASS] Google Autofill popup dismissed.
2026-08-25 16:38:27 [PASS] ✓ STEP 2 COMPLETED
2026-08-25 16:38:27 [PASS] STEP 2 COMPLETED
2026-08-25 16:38:27 [STEP] STEP 3: MOBILE NUMBER
2026-08-25 16:38:27 [INFO] Looking for mobile number field...
2026-08-25 16:38:28 [PASS] Mobile number field found.
2026-08-25 16:38:29 [INFO] Entering mobile number...
2026-08-25 16:38:29 [PASS] Mobile number entered successfully.
2026-08-25 16:38:29 [PASS] ✓ STEP 3 COMPLETED
2026-08-25 16:38:29 [PASS] STEP 3 COMPLETED
2026-08-25 16:38:29 [STEP] STEP 4: GET OTP
2026-08-25 16:38:29 [INFO] Looking for Get OTP button...
2026-08-25 16:38:30 [PASS] Get OTP button found.
2026-08-25 16:38:31 [PASS] Get OTP clicked.
2026-08-25 16:38:31 [PASS] ✓ STEP 4 COMPLETED
2026-08-25 16:38:31 [PASS] STEP 4 COMPLETED
2026-08-25 16:38:31 [STEP] STEP 5: OTP SCREEN
2026-08-25 16:38:31 [INFO] Waiting for OTP screen...
2026-08-25 16:38:33 [PASS] OTP screen detected.
2026-08-25 16:38:35 [PASS] OTP screen is ready.
2026-08-25 16:38:35 [PASS] ✓ STEP 5 COMPLETED
2026-08-25 16:38:35 [PASS] STEP 5 COMPLETED
2026-08-25 16:38:35 [STEP] STEP 6: ENTER OTP
2026-08-25 16:38:35 [INFO] Opening OTP input field...
2026-08-25 16:38:35 [INFO] Tapped coordinate: (144, 1757)
2026-08-25 16:38:35 [PASS] OTP input field opened.
2026-08-25 16:38:35 [INFO] Waiting for keypad...
2026-08-25 16:38:37 [PASS] OTP keypad ready.
2026-08-25 16:38:37 [INFO] Entering digit 1/6: 1
2026-08-25 16:38:38 [INFO] Tapped coordinate: (185, 1740)
2026-08-25 16:38:38 [PASS] Digit 1 entered.
2026-08-25 16:38:38 [INFO] Entering digit 2/6: 2
2026-08-25 16:38:38 [INFO] Tapped coordinate: (423, 1740)
2026-08-25 16:38:38 [PASS] Digit 2 entered.
2026-08-25 16:38:39 [INFO] Entering digit 3/6: 3
2026-08-25 16:38:39 [INFO] Tapped coordinate: (674, 1740)
2026-08-25 16:38:39 [PASS] Digit 3 entered.
2026-08-25 16:38:39 [INFO] Entering digit 4/6: 4
2026-08-25 16:38:39 [INFO] Tapped coordinate: (185, 1885)
2026-08-25 16:38:39 [PASS] Digit 4 entered.
2026-08-25 16:38:40 [INFO] Entering digit 5/6: 5
2026-08-25 16:38:40 [INFO] Tapped coordinate: (423, 1885)
2026-08-25 16:38:40 [PASS] Digit 5 entered.
2026-08-25 16:38:41 [INFO] Entering digit 6/6: 6
2026-08-25 16:38:41 [INFO] Tapped coordinate: (674, 1885)
2026-08-25 16:38:41 [PASS] Digit 6 entered.
2026-08-25 16:38:44 [PASS] OTP entered successfully: REDACTED
2026-08-25 16:38:44 [PASS] ✓ STEP 6 COMPLETED
2026-08-25 16:38:44 [PASS] STEP 6 COMPLETED
2026-08-25 16:38:44 [STEP] STEP 7: VERIFY
2026-08-25 16:38:44 [INFO] Looking for Verify button...
2026-08-25 16:38:45 [PASS] Verify button found.
2026-08-25 16:38:45 [INFO] Clicking Verify...
2026-08-25 16:38:47 [PASS] Verify button clicked.
2026-08-25 16:38:47 [INFO] Waiting for login...
2026-08-25 16:38:53 [PASS] Login completed.
2026-08-25 16:38:53 [PASS] ✓ STEP 7 COMPLETED
2026-08-25 16:38:53 [PASS] STEP 7 COMPLETED
2026-08-25 16:38:53 [STEP] STEP 8: HOME SCREEN
2026-08-25 16:38:53 [INFO] Waiting for application to reach Home...
2026-08-25 16:38:56 [INFO] Checking notification permission...
2026-08-25 16:38:56 [PASS] Notification permission popup detected.
2026-08-25 16:38:56 [INFO] Clicking Allow...
2026-08-25 16:39:06 [PASS] Notification permission allowed.
2026-08-25 16:39:07 [INFO] Waiting for application to return...
2026-08-25 16:39:08 [PASS] Application returned to foreground.
2026-08-25 16:39:08 [INFO] Checking Home screen ScrollView...
2026-08-25 16:40:29 [PASS] Home screen ScrollView found.
2026-08-25 16:40:49 [PASS] Home screen ScrollView is scrollable.
2026-08-25 16:40:49 [PASS] Home screen loaded successfully.
2026-08-25 16:40:49 [INFO] Current Package: com.influencer.marketing
2026-08-25 16:40:49 [INFO] Current Activity: .MainActivity
2026-08-25 16:40:49 [INFO] Keeping application open for 30 seconds...
2026-08-25 16:40:49 [INFO] Application closing in 30 seconds...
2026-08-25 16:40:50 [INFO] Application closing in 29 seconds...
2026-08-25 16:40:51 [INFO] Application closing in 28 seconds...
2026-08-25 16:40:52 [INFO] Application closing in 27 seconds...
2026-08-25 16:40:53 [INFO] Application closing in 26 seconds...
2026-08-25 16:40:54 [INFO] Application closing in 25 seconds...
2026-08-25 16:40:55 [INFO] Application closing in 24 seconds...
2026-08-25 16:40:56 [INFO] Application closing in 23 seconds...
2026-08-25 16:40:57 [INFO] Application closing in 22 seconds...
2026-08-25 16:40:58 [INFO] Application closing in 21 seconds...
2026-08-25 16:40:59 [INFO] Application closing in 20 seconds...
2026-08-25 16:41:00 [INFO] Application closing in 19 seconds...
2026-08-25 16:41:01 [INFO] Application closing in 18 seconds...
2026-08-25 16:41:02 [INFO] Application closing in 17 seconds...
2026-08-25 16:41:03 [INFO] Application closing in 16 seconds...
2026-08-25 16:41:04 [INFO] Application closing in 15 seconds...
2026-08-25 16:41:05 [INFO] Application closing in 14 seconds...
2026-08-25 16:41:06 [INFO] Application closing in 13 seconds...
2026-08-25 16:41:07 [INFO] Application closing in 12 seconds...
2026-08-25 16:41:08 [INFO] Application closing in 11 seconds...
2026-08-25 16:41:09 [INFO] Application closing in 10 seconds...
2026-08-25 16:41:10 [INFO] Application closing in 9 seconds...
2026-08-25 16:41:11 [INFO] Application closing in 8 seconds...
2026-08-25 16:41:12 [INFO] Application closing in 7 seconds...
2026-08-25 16:41:13 [INFO] Application closing in 6 seconds...
2026-08-25 16:41:14 [INFO] Application closing in 5 seconds...
2026-08-25 16:41:15 [INFO] Application closing in 4 seconds...
2026-08-25 16:41:16 [INFO] Application closing in 3 seconds...
2026-08-25 16:41:17 [INFO] Application closing in 2 seconds...
2026-08-25 16:41:18 [INFO] Application closing in 1 seconds...
2026-08-25 16:41:19 [PASS] Home screen wait completed.
2026-08-25 16:41:19 [PASS] ✓ STEP 8 COMPLETED
2026-08-25 16:41:19 [PASS] STEP 8 COMPLETED
2026-08-25 16:41:19 [PASS] 
2026-08-25 16:41:19 [PASS] ==================================================
2026-08-25 16:41:19 [PASS]        AUTOMATION FLOW COMPLETED SUCCESSFULLY
2026-08-25 16:41:19 [PASS] ==================================================
2026-08-25 16:41:19 [PASS] Execution log: D:\Influish-Automation\automation-results\logs\automation-2026-08-25_16-38-10.log
2026-08-25 16:41:20 [PASS] Appium session closed successfully.

==================================================
AUTOMATION EXECUTION FINISHED
Time: 2026-08-25T16:41:20.745002500
==================================================
