==================================================
APPIUM AUTOMATION LOG
==================================================
Started: 2026-08-26T11:18:28.739188500
Device: moto g85 5g
UDID: ZA222MSVRX
Package: com.influencer.marketing

2026-08-26 11:18:28 [STEP] STEP 0: STARTING APPIUM
2026-08-26 11:18:28 [INFO] Connecting to Appium server...
2026-08-26 11:18:28 [INFO] Server: http://127.0.0.1:4723
2026-08-26 11:18:37 [PASS] Appium session created successfully.
2026-08-26 11:18:37 [PASS] Appium connected successfully.
2026-08-26 11:18:37 [INFO] Device: moto g85 5g
2026-08-26 11:18:37 [INFO] UDID: ZA222MSVRX
2026-08-26 11:18:37 [INFO] Package: com.influencer.marketing
2026-08-26 11:18:37 [INFO] Activity: .MainActivity
2026-08-26 11:18:37 [PASS] Application launched successfully.
2026-08-26 11:18:37 [PASS] ✓ STEP 0 COMPLETED
2026-08-26 11:18:37 [PASS] STEP 0 COMPLETED
2026-08-26 11:18:37 [STEP] STEP 1: CONTENT CREATOR
2026-08-26 11:18:37 [INFO] Looking for Content Creator...
2026-08-26 11:18:44 [PASS] Content Creator found.
2026-08-26 11:18:46 [PASS] Content Creator clicked.
2026-08-26 11:18:46 [PASS] ✓ STEP 1 COMPLETED
2026-08-26 11:18:46 [PASS] STEP 1 COMPLETED
2026-08-26 11:18:46 [STEP] STEP 2: GOOGLE AUTOFILL
2026-08-26 11:18:46 [INFO] Checking Google Autofill popup...
2026-08-26 11:18:46 [PASS] Google Autofill popup dismissed.
2026-08-26 11:18:46 [PASS] ✓ STEP 2 COMPLETED
2026-08-26 11:18:46 [PASS] STEP 2 COMPLETED
2026-08-26 11:18:46 [STEP] STEP 3: MOBILE NUMBER
2026-08-26 11:18:46 [INFO] Looking for mobile number field...
2026-08-26 11:18:46 [PASS] Mobile number field found.
2026-08-26 11:18:48 [INFO] Entering mobile number...
2026-08-26 11:18:48 [PASS] Mobile number entered successfully.
2026-08-26 11:18:48 [PASS] ✓ STEP 3 COMPLETED
2026-08-26 11:18:48 [PASS] STEP 3 COMPLETED
2026-08-26 11:18:48 [STEP] STEP 4: GET OTP
2026-08-26 11:18:48 [INFO] Looking for Get OTP button...
2026-08-26 11:18:49 [PASS] Get OTP button found.
2026-08-26 11:18:50 [PASS] Get OTP clicked.
2026-08-26 11:18:50 [PASS] ✓ STEP 4 COMPLETED
2026-08-26 11:18:50 [PASS] STEP 4 COMPLETED
2026-08-26 11:18:50 [STEP] STEP 5: OTP SCREEN
2026-08-26 11:18:50 [INFO] Waiting for OTP screen...
2026-08-26 11:18:52 [PASS] OTP screen detected.
2026-08-26 11:18:54 [PASS] OTP screen is ready.
2026-08-26 11:18:54 [PASS] ✓ STEP 5 COMPLETED
2026-08-26 11:18:54 [PASS] STEP 5 COMPLETED
2026-08-26 11:18:54 [STEP] STEP 6: ENTER OTP
2026-08-26 11:18:54 [INFO] Opening OTP input field...
2026-08-26 11:18:54 [INFO] Tapped coordinate: (144, 1757)
2026-08-26 11:18:54 [PASS] OTP input field opened.
2026-08-26 11:18:54 [INFO] Waiting for keypad...
2026-08-26 11:18:56 [PASS] OTP keypad ready.
2026-08-26 11:18:56 [INFO] Entering digit 1/6: 1
2026-08-26 11:18:57 [INFO] Tapped coordinate: (185, 1740)
2026-08-26 11:18:57 [PASS] Digit 1 entered.
2026-08-26 11:18:57 [INFO] Entering digit 2/6: 2
2026-08-26 11:18:57 [INFO] Tapped coordinate: (423, 1740)
2026-08-26 11:18:57 [PASS] Digit 2 entered.
2026-08-26 11:18:58 [INFO] Entering digit 3/6: 3
2026-08-26 11:18:58 [INFO] Tapped coordinate: (674, 1740)
2026-08-26 11:18:58 [PASS] Digit 3 entered.
2026-08-26 11:18:58 [INFO] Entering digit 4/6: 4
2026-08-26 11:18:58 [INFO] Tapped coordinate: (185, 1885)
2026-08-26 11:18:58 [PASS] Digit 4 entered.
2026-08-26 11:18:59 [INFO] Entering digit 5/6: 5
2026-08-26 11:18:59 [INFO] Tapped coordinate: (423, 1885)
2026-08-26 11:18:59 [PASS] Digit 5 entered.
2026-08-26 11:18:59 [INFO] Entering digit 6/6: 6
2026-08-26 11:19:00 [INFO] Tapped coordinate: (674, 1885)
2026-08-26 11:19:00 [PASS] Digit 6 entered.
2026-08-26 11:19:03 [PASS] OTP entered successfully: REDACTED
2026-08-26 11:19:03 [PASS] ✓ STEP 6 COMPLETED
2026-08-26 11:19:03 [PASS] STEP 6 COMPLETED
2026-08-26 11:19:03 [STEP] STEP 7: VERIFY
2026-08-26 11:19:03 [INFO] Looking for Verify button...
2026-08-26 11:19:04 [PASS] Verify button found.
2026-08-26 11:19:04 [INFO] Clicking Verify...
2026-08-26 11:19:06 [PASS] Verify button clicked.
2026-08-26 11:19:06 [INFO] Waiting for login...
2026-08-26 11:19:11 [PASS] Login completed.
2026-08-26 11:19:11 [PASS] ✓ STEP 7 COMPLETED
2026-08-26 11:19:11 [PASS] STEP 7 COMPLETED
2026-08-26 11:19:11 [STEP] STEP 8: HOME SCREEN
2026-08-26 11:19:11 [INFO] Waiting for application to reach Home...
2026-08-26 11:19:15 [INFO] Checking notification permission...
2026-08-26 11:19:15 [PASS] Notification permission popup detected.
2026-08-26 11:19:15 [INFO] Clicking Allow...
2026-08-26 11:19:25 [PASS] Notification permission allowed.
2026-08-26 11:19:26 [INFO] Waiting for application to return...
2026-08-26 11:19:27 [PASS] Application returned to foreground.
2026-08-26 11:19:27 [INFO] Checking for Instagram connection screen...
2026-08-26 11:20:17 [WARNING] Instagram connection screen detected.
2026-08-26 11:20:17 [INFO] Exiting Instagram connection screen...
2026-08-26 11:20:17 [INFO] Tapped coordinate: (981, 187)
2026-08-26 11:20:17 [PASS] Instagram connection screen exited.
2026-08-26 11:20:19 [INFO] Checking Home screen...
2026-08-26 11:20:20 [PASS] Home screen found.
2026-08-26 11:20:20 [INFO] Checking Home screen ScrollView...
2026-08-26 11:20:20 [PASS] Home screen ScrollView found.
2026-08-26 11:20:20 [PASS] Home screen ScrollView is scrollable.
2026-08-26 11:20:20 [PASS] Home screen loaded successfully.
2026-08-26 11:20:20 [INFO] Current Package: com.influencer.marketing
2026-08-26 11:20:20 [INFO] Current Activity: .MainActivity
2026-08-26 11:20:20 [INFO] Keeping application open for 30 seconds...
2026-08-26 11:20:20 [INFO] Application closing in 30 seconds...
2026-08-26 11:20:21 [INFO] Application closing in 29 seconds...
2026-08-26 11:20:22 [INFO] Application closing in 28 seconds...
2026-08-26 11:20:23 [INFO] Application closing in 27 seconds...
2026-08-26 11:20:25 [INFO] Application closing in 26 seconds...
2026-08-26 11:20:26 [INFO] Application closing in 25 seconds...
2026-08-26 11:20:27 [INFO] Application closing in 24 seconds...
2026-08-26 11:20:28 [INFO] Application closing in 23 seconds...
2026-08-26 11:20:29 [INFO] Application closing in 22 seconds...
2026-08-26 11:20:30 [INFO] Application closing in 21 seconds...
2026-08-26 11:20:31 [INFO] Application closing in 20 seconds...
2026-08-26 11:20:32 [INFO] Application closing in 19 seconds...
2026-08-26 11:20:33 [INFO] Application closing in 18 seconds...
2026-08-26 11:20:34 [INFO] Application closing in 17 seconds...
2026-08-26 11:20:35 [INFO] Application closing in 16 seconds...
2026-08-26 11:20:36 [INFO] Application closing in 15 seconds...
2026-08-26 11:20:37 [INFO] Application closing in 14 seconds...
2026-08-26 11:20:38 [INFO] Application closing in 13 seconds...
2026-08-26 11:20:39 [INFO] Application closing in 12 seconds...
2026-08-26 11:20:40 [INFO] Application closing in 11 seconds...
2026-08-26 11:20:41 [INFO] Application closing in 10 seconds...
2026-08-26 11:20:42 [INFO] Application closing in 9 seconds...
2026-08-26 11:20:43 [INFO] Application closing in 8 seconds...
2026-08-26 11:20:44 [INFO] Application closing in 7 seconds...
2026-08-26 11:20:45 [INFO] Application closing in 6 seconds...
2026-08-26 11:20:46 [INFO] Application closing in 5 seconds...
2026-08-26 11:20:47 [INFO] Application closing in 4 seconds...
2026-08-26 11:20:48 [INFO] Application closing in 3 seconds...
2026-08-26 11:20:49 [INFO] Application closing in 2 seconds...
2026-08-26 11:20:50 [INFO] Application closing in 1 seconds...
2026-08-26 11:20:51 [PASS] Home screen wait completed.
2026-08-26 11:20:51 [PASS] ✓ STEP 8 COMPLETED
2026-08-26 11:20:51 [PASS] STEP 8 COMPLETED
2026-08-26 11:20:51 [PASS] 
2026-08-26 11:20:51 [PASS] ==================================================
2026-08-26 11:20:51 [PASS]        AUTOMATION FLOW COMPLETED SUCCESSFULLY
2026-08-26 11:20:51 [PASS] ==================================================
2026-08-26 11:20:51 [PASS] Execution log: D:\Influish-Automation\automation-results\logs\automation-2026-08-26_11-18-28.log
2026-08-26 11:20:52 [PASS] Appium session closed successfully.

==================================================
AUTOMATION EXECUTION FINISHED
Time: 2026-08-26T11:20:52.620598500
==================================================
