==================================================
APPIUM AUTOMATION LOG
==================================================
Started: 2026-08-26T11:33:34.949794
Device: moto g85 5g
UDID: ZA222MSVRX
Package: com.influencer.marketing

2026-08-26 11:33:34 [STEP] STEP 0: STARTING APPIUM
2026-08-26 11:33:34 [INFO] Connecting to Appium server...
2026-08-26 11:33:34 [INFO] Server: http://127.0.0.1:4723
2026-08-26 11:33:43 [PASS] Appium session created successfully.
2026-08-26 11:33:43 [PASS] Appium connected successfully.
2026-08-26 11:33:43 [INFO] Device: moto g85 5g
2026-08-26 11:33:43 [INFO] UDID: ZA222MSVRX
2026-08-26 11:33:43 [INFO] Package: com.influencer.marketing
2026-08-26 11:33:43 [INFO] Activity: .MainActivity
2026-08-26 11:33:43 [PASS] Application launched successfully.
2026-08-26 11:33:43 [PASS] ✓ STEP 0 COMPLETED
2026-08-26 11:33:43 [PASS] STEP 0 COMPLETED
2026-08-26 11:33:43 [STEP] STEP 1: CONTENT CREATOR
2026-08-26 11:33:43 [INFO] Looking for Content Creator...
2026-08-26 11:33:50 [PASS] Content Creator found.
2026-08-26 11:33:52 [PASS] Content Creator clicked.
2026-08-26 11:33:52 [PASS] ✓ STEP 1 COMPLETED
2026-08-26 11:33:52 [PASS] STEP 1 COMPLETED
2026-08-26 11:33:52 [STEP] STEP 2: GOOGLE AUTOFILL
2026-08-26 11:33:52 [INFO] Checking Google Autofill popup...
2026-08-26 11:33:53 [PASS] Google Autofill popup dismissed.
2026-08-26 11:33:53 [PASS] ✓ STEP 2 COMPLETED
2026-08-26 11:33:53 [PASS] STEP 2 COMPLETED
2026-08-26 11:33:53 [STEP] STEP 3: MOBILE NUMBER
2026-08-26 11:33:53 [INFO] Looking for mobile number field...
2026-08-26 11:33:53 [PASS] Mobile number field found.
2026-08-26 11:33:54 [INFO] Entering mobile number...
2026-08-26 11:33:54 [PASS] Mobile number entered successfully.
2026-08-26 11:33:54 [PASS] ✓ STEP 3 COMPLETED
2026-08-26 11:33:54 [PASS] STEP 3 COMPLETED
2026-08-26 11:33:54 [STEP] STEP 4: GET OTP
2026-08-26 11:33:54 [INFO] Looking for Get OTP button...
2026-08-26 11:33:56 [PASS] Get OTP button found.
2026-08-26 11:33:56 [PASS] Get OTP clicked.
2026-08-26 11:33:56 [PASS] ✓ STEP 4 COMPLETED
2026-08-26 11:33:56 [PASS] STEP 4 COMPLETED
2026-08-26 11:33:56 [STEP] STEP 5: OTP SCREEN
2026-08-26 11:33:56 [INFO] Waiting for OTP screen...
2026-08-26 11:33:59 [PASS] OTP screen detected.
2026-08-26 11:34:00 [PASS] OTP screen is ready.
2026-08-26 11:34:00 [PASS] ✓ STEP 5 COMPLETED
2026-08-26 11:34:00 [PASS] STEP 5 COMPLETED
2026-08-26 11:34:00 [STEP] STEP 6: ENTER OTP
2026-08-26 11:34:00 [INFO] Opening OTP input field...
2026-08-26 11:34:00 [INFO] Tapped coordinate: (144, 1757)
2026-08-26 11:34:00 [PASS] OTP input field opened.
2026-08-26 11:34:00 [INFO] Waiting for keypad...
2026-08-26 11:34:03 [PASS] OTP keypad ready.
2026-08-26 11:34:03 [INFO] Entering digit 1/6: 1
2026-08-26 11:34:03 [INFO] Tapped coordinate: (185, 1740)
2026-08-26 11:34:03 [PASS] Digit 1 entered.
2026-08-26 11:34:04 [INFO] Entering digit 2/6: 2
2026-08-26 11:34:04 [INFO] Tapped coordinate: (423, 1740)
2026-08-26 11:34:04 [PASS] Digit 2 entered.
2026-08-26 11:34:04 [INFO] Entering digit 3/6: 3
2026-08-26 11:34:04 [INFO] Tapped coordinate: (674, 1740)
2026-08-26 11:34:04 [PASS] Digit 3 entered.
2026-08-26 11:34:05 [INFO] Entering digit 4/6: 4
2026-08-26 11:34:05 [INFO] Tapped coordinate: (185, 1885)
2026-08-26 11:34:05 [PASS] Digit 4 entered.
2026-08-26 11:34:05 [INFO] Entering digit 5/6: 5
2026-08-26 11:34:05 [INFO] Tapped coordinate: (423, 1885)
2026-08-26 11:34:05 [PASS] Digit 5 entered.
2026-08-26 11:34:06 [INFO] Entering digit 6/6: 6
2026-08-26 11:34:06 [INFO] Tapped coordinate: (674, 1885)
2026-08-26 11:34:06 [PASS] Digit 6 entered.
2026-08-26 11:34:09 [PASS] OTP entered successfully: REDACTED
2026-08-26 11:34:09 [PASS] ✓ STEP 6 COMPLETED
2026-08-26 11:34:09 [PASS] STEP 6 COMPLETED
2026-08-26 11:34:09 [STEP] STEP 7: VERIFY
2026-08-26 11:34:09 [INFO] Looking for Verify button...
2026-08-26 11:34:11 [PASS] Verify button found.
2026-08-26 11:34:11 [INFO] Clicking Verify...
2026-08-26 11:34:13 [PASS] Verify button clicked.
2026-08-26 11:34:13 [INFO] Waiting for login...
2026-08-26 11:34:18 [PASS] Login completed.
2026-08-26 11:34:18 [PASS] ✓ STEP 7 COMPLETED
2026-08-26 11:34:18 [PASS] STEP 7 COMPLETED
2026-08-26 11:34:18 [STEP] STEP 8: HOME SCREEN
2026-08-26 11:34:18 [INFO] Waiting for application to reach Home...
2026-08-26 11:34:21 [INFO] Checking notification permission...
2026-08-26 11:34:21 [PASS] Notification permission popup detected.
2026-08-26 11:34:21 [INFO] Clicking Allow...
2026-08-26 11:34:22 [PASS] Notification permission allowed.
2026-08-26 11:34:25 [INFO] Waiting for application to return...
2026-08-26 11:34:25 [PASS] Application returned to foreground.
2026-08-26 11:34:27 [INFO] Checking for Instagram connection screen...
2026-08-26 11:35:17 [WARNING] Instagram connection screen detected.
2026-08-26 11:35:17 [INFO] Exiting Instagram connection screen...
2026-08-26 11:35:18 [INFO] Tapped coordinate: (981, 187)
2026-08-26 11:35:22 [PASS] Instagram connection screen exited.
2026-08-26 11:35:22 [INFO] Checking Home screen...
2026-08-26 11:35:22 [PASS] Home screen found.
2026-08-26 11:35:22 [INFO] Checking Home screen ScrollView...
2026-08-26 11:35:24 [PASS] Home screen ScrollView found.
2026-08-26 11:35:24 [PASS] Home screen ScrollView is scrollable.
2026-08-26 11:35:24 [PASS] Home screen loaded successfully.
2026-08-26 11:35:24 [INFO] Current Package: com.influencer.marketing
2026-08-26 11:35:24 [INFO] Current Activity: .MainActivity
2026-08-26 11:35:24 [INFO] Keeping application open for 30 seconds...
2026-08-26 11:35:24 [INFO] Application closing in 30 seconds...
2026-08-26 11:35:25 [INFO] Application closing in 29 seconds...
2026-08-26 11:35:26 [INFO] Application closing in 28 seconds...
2026-08-26 11:35:27 [INFO] Application closing in 27 seconds...
2026-08-26 11:35:28 [INFO] Application closing in 26 seconds...
2026-08-26 11:35:29 [INFO] Application closing in 25 seconds...
2026-08-26 11:35:30 [INFO] Application closing in 24 seconds...
2026-08-26 11:35:31 [INFO] Application closing in 23 seconds...
2026-08-26 11:35:32 [INFO] Application closing in 22 seconds...
2026-08-26 11:35:33 [INFO] Application closing in 21 seconds...
2026-08-26 11:35:34 [INFO] Application closing in 20 seconds...
2026-08-26 11:35:35 [INFO] Application closing in 19 seconds...
2026-08-26 11:35:36 [INFO] Application closing in 18 seconds...
2026-08-26 11:35:37 [INFO] Application closing in 17 seconds...
2026-08-26 11:35:38 [INFO] Application closing in 16 seconds...
2026-08-26 11:35:39 [INFO] Application closing in 15 seconds...
2026-08-26 11:35:40 [INFO] Application closing in 14 seconds...
2026-08-26 11:35:41 [INFO] Application closing in 13 seconds...
2026-08-26 11:35:42 [INFO] Application closing in 12 seconds...
2026-08-26 11:35:43 [INFO] Application closing in 11 seconds...
2026-08-26 11:35:44 [INFO] Application closing in 10 seconds...
2026-08-26 11:35:45 [INFO] Application closing in 9 seconds...
2026-08-26 11:35:46 [INFO] Application closing in 8 seconds...
2026-08-26 11:35:47 [INFO] Application closing in 7 seconds...
2026-08-26 11:35:48 [INFO] Application closing in 6 seconds...
2026-08-26 11:35:49 [INFO] Application closing in 5 seconds...
2026-08-26 11:35:50 [INFO] Application closing in 4 seconds...
2026-08-26 11:35:51 [INFO] Application closing in 3 seconds...
2026-08-26 11:35:52 [INFO] Application closing in 2 seconds...
2026-08-26 11:35:53 [INFO] Application closing in 1 seconds...
2026-08-26 11:35:54 [PASS] Home screen wait completed.
2026-08-26 11:35:54 [PASS] ✓ STEP 8 COMPLETED
2026-08-26 11:35:54 [PASS] STEP 8 COMPLETED
2026-08-26 11:35:54 [PASS] 
2026-08-26 11:35:54 [PASS] ==================================================
2026-08-26 11:35:54 [PASS]        AUTOMATION FLOW COMPLETED SUCCESSFULLY
2026-08-26 11:35:54 [PASS] ==================================================
2026-08-26 11:35:54 [PASS] Execution log: D:\Influish-Automation\automation-results\logs\automation-2026-08-26_11-33-34.log
2026-08-26 11:35:56 [PASS] Appium session closed successfully.

==================================================
AUTOMATION EXECUTION FINISHED
Time: 2026-08-26T11:35:56.109911100
==================================================
