==================================================
APPIUM AUTOMATION LOG
==================================================
Started: 2026-08-26T11:04:55.777919600
Device: moto g85 5g
UDID: ZA222MSVRX
Package: com.influencer.marketing

2026-08-26 11:04:55 [STEP] STEP 0: STARTING APPIUM
2026-08-26 11:04:55 [INFO] Connecting to Appium server...
2026-08-26 11:04:55 [INFO] Server: http://127.0.0.1:4723
2026-08-26 11:05:07 [PASS] Appium session created successfully.
2026-08-26 11:05:07 [PASS] Appium connected successfully.
2026-08-26 11:05:07 [INFO] Device: moto g85 5g
2026-08-26 11:05:07 [INFO] UDID: ZA222MSVRX
2026-08-26 11:05:07 [INFO] Package: com.influencer.marketing
2026-08-26 11:05:07 [INFO] Activity: .MainActivity
2026-08-26 11:05:07 [PASS] Application launched successfully.
2026-08-26 11:05:07 [PASS] ✓ STEP 0 COMPLETED
2026-08-26 11:05:07 [PASS] STEP 0 COMPLETED
2026-08-26 11:05:07 [STEP] STEP 1: CONTENT CREATOR
2026-08-26 11:05:07 [INFO] Looking for Content Creator...
2026-08-26 11:05:14 [PASS] Content Creator found.
2026-08-26 11:05:16 [PASS] Content Creator clicked.
2026-08-26 11:05:16 [PASS] ✓ STEP 1 COMPLETED
2026-08-26 11:05:16 [PASS] STEP 1 COMPLETED
2026-08-26 11:05:16 [STEP] STEP 2: GOOGLE AUTOFILL
2026-08-26 11:05:16 [INFO] Checking Google Autofill popup...
2026-08-26 11:05:16 [PASS] Google Autofill popup dismissed.
2026-08-26 11:05:16 [PASS] ✓ STEP 2 COMPLETED
2026-08-26 11:05:16 [PASS] STEP 2 COMPLETED
2026-08-26 11:05:16 [STEP] STEP 3: MOBILE NUMBER
2026-08-26 11:05:16 [INFO] Looking for mobile number field...
2026-08-26 11:05:16 [PASS] Mobile number field found.
2026-08-26 11:05:18 [INFO] Entering mobile number...
2026-08-26 11:05:18 [PASS] Mobile number entered successfully.
2026-08-26 11:05:18 [PASS] ✓ STEP 3 COMPLETED
2026-08-26 11:05:18 [PASS] STEP 3 COMPLETED
2026-08-26 11:05:18 [STEP] STEP 4: GET OTP
2026-08-26 11:05:18 [INFO] Looking for Get OTP button...
2026-08-26 11:05:19 [PASS] Get OTP button found.
2026-08-26 11:05:20 [PASS] Get OTP clicked.
2026-08-26 11:05:20 [PASS] ✓ STEP 4 COMPLETED
2026-08-26 11:05:20 [PASS] STEP 4 COMPLETED
2026-08-26 11:05:20 [STEP] STEP 5: OTP SCREEN
2026-08-26 11:05:20 [INFO] Waiting for OTP screen...
2026-08-26 11:05:22 [PASS] OTP screen detected.
2026-08-26 11:05:24 [PASS] OTP screen is ready.
2026-08-26 11:05:24 [PASS] ✓ STEP 5 COMPLETED
2026-08-26 11:05:24 [PASS] STEP 5 COMPLETED
2026-08-26 11:05:24 [STEP] STEP 6: ENTER OTP
2026-08-26 11:05:24 [INFO] Opening OTP input field...
2026-08-26 11:05:24 [INFO] Tapped coordinate: (144, 1757)
2026-08-26 11:05:24 [PASS] OTP input field opened.
2026-08-26 11:05:24 [INFO] Waiting for keypad...
2026-08-26 11:05:27 [PASS] OTP keypad ready.
2026-08-26 11:05:27 [INFO] Entering digit 1/6: 1
2026-08-26 11:05:27 [INFO] Tapped coordinate: (185, 1740)
2026-08-26 11:05:27 [PASS] Digit 1 entered.
2026-08-26 11:05:27 [INFO] Entering digit 2/6: 2
2026-08-26 11:05:27 [INFO] Tapped coordinate: (423, 1740)
2026-08-26 11:05:27 [PASS] Digit 2 entered.
2026-08-26 11:05:28 [INFO] Entering digit 3/6: 3
2026-08-26 11:05:28 [INFO] Tapped coordinate: (674, 1740)
2026-08-26 11:05:28 [PASS] Digit 3 entered.
2026-08-26 11:05:28 [INFO] Entering digit 4/6: 4
2026-08-26 11:05:29 [INFO] Tapped coordinate: (185, 1885)
2026-08-26 11:05:29 [PASS] Digit 4 entered.
2026-08-26 11:05:29 [INFO] Entering digit 5/6: 5
2026-08-26 11:05:29 [INFO] Tapped coordinate: (423, 1885)
2026-08-26 11:05:29 [PASS] Digit 5 entered.
2026-08-26 11:05:30 [INFO] Entering digit 6/6: 6
2026-08-26 11:05:30 [INFO] Tapped coordinate: (674, 1885)
2026-08-26 11:05:30 [PASS] Digit 6 entered.
2026-08-26 11:05:33 [PASS] OTP entered successfully: REDACTED
2026-08-26 11:05:33 [PASS] ✓ STEP 6 COMPLETED
2026-08-26 11:05:33 [PASS] STEP 6 COMPLETED
2026-08-26 11:05:33 [STEP] STEP 7: VERIFY
2026-08-26 11:05:33 [INFO] Looking for Verify button...
2026-08-26 11:05:35 [PASS] Verify button found.
2026-08-26 11:05:35 [INFO] Clicking Verify...
2026-08-26 11:05:35 [PASS] Verify button clicked.
2026-08-26 11:05:35 [INFO] Waiting for login...
2026-08-26 11:05:40 [PASS] Login completed.
2026-08-26 11:05:40 [PASS] ✓ STEP 7 COMPLETED
2026-08-26 11:05:40 [PASS] STEP 7 COMPLETED
2026-08-26 11:05:40 [STEP] STEP 8: HOME SCREEN
2026-08-26 11:05:40 [INFO] Waiting for application to reach Home...
2026-08-26 11:05:44 [INFO] Checking notification permission...
2026-08-26 11:05:44 [PASS] Notification permission popup detected.
2026-08-26 11:05:44 [INFO] Clicking Allow...
2026-08-26 11:05:54 [PASS] Notification permission allowed.
2026-08-26 11:05:55 [INFO] Waiting for application to return...
2026-08-26 11:05:56 [PASS] Application returned to foreground.
2026-08-26 11:05:56 [INFO] Checking for Instagram connection screen...
2026-08-26 11:06:46 [WARNING] Instagram connection screen detected.
2026-08-26 11:06:46 [INFO] Exiting Instagram connection screen...
2026-08-26 11:06:46 [INFO] Tapped coordinate: (981, 187)
2026-08-26 11:06:46 [PASS] Instagram connection screen exited.
2026-08-26 11:06:48 [INFO] Checking Home screen...
2026-08-26 11:06:49 [PASS] Home screen found.
2026-08-26 11:06:49 [INFO] Checking Home screen ScrollView...
2026-08-26 11:06:49 [PASS] Home screen ScrollView found.
2026-08-26 11:06:49 [PASS] Home screen ScrollView is scrollable.
2026-08-26 11:06:49 [PASS] Home screen loaded successfully.
2026-08-26 11:06:49 [INFO] Current Package: com.influencer.marketing
2026-08-26 11:06:49 [INFO] Current Activity: .MainActivity
2026-08-26 11:06:49 [INFO] Keeping application open for 30 seconds...
2026-08-26 11:06:49 [INFO] Application closing in 30 seconds...
2026-08-26 11:06:50 [INFO] Application closing in 29 seconds...
2026-08-26 11:06:51 [INFO] Application closing in 28 seconds...
2026-08-26 11:06:52 [INFO] Application closing in 27 seconds...
2026-08-26 11:06:53 [INFO] Application closing in 26 seconds...
2026-08-26 11:06:54 [INFO] Application closing in 25 seconds...
2026-08-26 11:06:55 [INFO] Application closing in 24 seconds...
2026-08-26 11:06:56 [INFO] Application closing in 23 seconds...
2026-08-26 11:06:57 [INFO] Application closing in 22 seconds...
2026-08-26 11:06:58 [INFO] Application closing in 21 seconds...
2026-08-26 11:06:59 [INFO] Application closing in 20 seconds...
2026-08-26 11:07:00 [INFO] Application closing in 19 seconds...
2026-08-26 11:07:01 [INFO] Application closing in 18 seconds...
2026-08-26 11:07:02 [INFO] Application closing in 17 seconds...
2026-08-26 11:07:03 [INFO] Application closing in 16 seconds...
2026-08-26 11:07:04 [INFO] Application closing in 15 seconds...
2026-08-26 11:07:05 [INFO] Application closing in 14 seconds...
2026-08-26 11:07:06 [INFO] Application closing in 13 seconds...
2026-08-26 11:07:07 [INFO] Application closing in 12 seconds...
2026-08-26 11:07:08 [INFO] Application closing in 11 seconds...
2026-08-26 11:07:09 [INFO] Application closing in 10 seconds...
2026-08-26 11:07:10 [INFO] Application closing in 9 seconds...
2026-08-26 11:07:11 [INFO] Application closing in 8 seconds...
2026-08-26 11:07:12 [INFO] Application closing in 7 seconds...
2026-08-26 11:07:13 [INFO] Application closing in 6 seconds...
2026-08-26 11:07:14 [INFO] Application closing in 5 seconds...
2026-08-26 11:07:15 [INFO] Application closing in 4 seconds...
2026-08-26 11:07:16 [INFO] Application closing in 3 seconds...
2026-08-26 11:07:17 [INFO] Application closing in 2 seconds...
2026-08-26 11:07:18 [INFO] Application closing in 1 seconds...
2026-08-26 11:07:19 [PASS] Home screen wait completed.
2026-08-26 11:07:19 [PASS] ✓ STEP 8 COMPLETED
2026-08-26 11:07:19 [PASS] STEP 8 COMPLETED
2026-08-26 11:07:19 [PASS] 
2026-08-26 11:07:19 [PASS] ==================================================
2026-08-26 11:07:19 [PASS]        AUTOMATION FLOW COMPLETED SUCCESSFULLY
2026-08-26 11:07:19 [PASS] ==================================================
2026-08-26 11:07:19 [PASS] Execution log: D:\Influish-Automation\automation-results\logs\automation-2026-08-26_11-04-55.log
2026-08-26 11:07:21 [PASS] Appium session closed successfully.

==================================================
AUTOMATION EXECUTION FINISHED
Time: 2026-08-26T11:07:21.380399900
==================================================
