==================================================
APPIUM AUTOMATION LOG
==================================================
Started: 2026-08-26T11:50:41.121110600
Device: moto g85 5g
UDID: ZA222MSVRX
Package: com.influencer.marketing

2026-08-26 11:50:41 [STEP] STEP 0: STARTING APPIUM
2026-08-26 11:50:41 [INFO] Connecting to Appium server...
2026-08-26 11:50:41 [INFO] Server: http://127.0.0.1:4723
2026-08-26 11:50:50 [PASS] Appium session created successfully.
2026-08-26 11:50:50 [PASS] Appium connected successfully.
2026-08-26 11:50:50 [INFO] Device: moto g85 5g
2026-08-26 11:50:50 [INFO] UDID: ZA222MSVRX
2026-08-26 11:50:50 [INFO] Package: com.influencer.marketing
2026-08-26 11:50:50 [INFO] Activity: .MainActivity
2026-08-26 11:50:50 [PASS] Application launched successfully.
2026-08-26 11:50:50 [PASS] ✓ STEP 0 COMPLETED
2026-08-26 11:50:50 [PASS] STEP 0 COMPLETED
2026-08-26 11:50:50 [STEP] STEP 1: CONTENT CREATOR
2026-08-26 11:50:50 [INFO] Looking for Content Creator...
2026-08-26 11:50:58 [PASS] Content Creator found.
2026-08-26 11:51:00 [PASS] Content Creator clicked.
2026-08-26 11:51:00 [PASS] ✓ STEP 1 COMPLETED
2026-08-26 11:51:00 [PASS] STEP 1 COMPLETED
2026-08-26 11:51:00 [STEP] STEP 2: GOOGLE AUTOFILL
2026-08-26 11:51:00 [INFO] Checking Google Autofill popup...
2026-08-26 11:51:01 [PASS] Google Autofill popup dismissed.
2026-08-26 11:51:01 [PASS] ✓ STEP 2 COMPLETED
2026-08-26 11:51:01 [PASS] STEP 2 COMPLETED
2026-08-26 11:51:01 [STEP] STEP 3: MOBILE NUMBER
2026-08-26 11:51:01 [INFO] Looking for mobile number field...
2026-08-26 11:51:01 [PASS] Mobile number field found.
2026-08-26 11:51:02 [INFO] Entering mobile number...
2026-08-26 11:51:02 [PASS] Mobile number entered successfully.
2026-08-26 11:51:02 [PASS] ✓ STEP 3 COMPLETED
2026-08-26 11:51:02 [PASS] STEP 3 COMPLETED
2026-08-26 11:51:02 [STEP] STEP 4: GET OTP
2026-08-26 11:51:02 [INFO] Looking for Get OTP button...
2026-08-26 11:51:04 [PASS] Get OTP button found.
2026-08-26 11:51:04 [PASS] Get OTP clicked.
2026-08-26 11:51:04 [PASS] ✓ STEP 4 COMPLETED
2026-08-26 11:51:04 [PASS] STEP 4 COMPLETED
2026-08-26 11:51:04 [STEP] STEP 5: OTP SCREEN
2026-08-26 11:51:04 [INFO] Waiting for OTP screen...
2026-08-26 11:51:07 [PASS] OTP screen detected.
2026-08-26 11:51:08 [PASS] OTP screen is ready.
2026-08-26 11:51:08 [PASS] ✓ STEP 5 COMPLETED
2026-08-26 11:51:08 [PASS] STEP 5 COMPLETED
2026-08-26 11:51:08 [STEP] STEP 6: ENTER OTP
2026-08-26 11:51:08 [INFO] Opening OTP input field...
2026-08-26 11:51:08 [INFO] Tapped coordinate: (144, 1757)
2026-08-26 11:51:08 [PASS] OTP input field opened.
2026-08-26 11:51:08 [INFO] Waiting for keypad...
2026-08-26 11:51:11 [PASS] OTP keypad ready.
2026-08-26 11:51:11 [INFO] Entering digit 1/6: 1
2026-08-26 11:51:11 [INFO] Tapped coordinate: (185, 1740)
2026-08-26 11:51:11 [PASS] Digit 1 entered.
2026-08-26 11:51:12 [INFO] Entering digit 2/6: 2
2026-08-26 11:51:12 [INFO] Tapped coordinate: (423, 1740)
2026-08-26 11:51:12 [PASS] Digit 2 entered.
2026-08-26 11:51:12 [INFO] Entering digit 3/6: 3
2026-08-26 11:51:12 [INFO] Tapped coordinate: (674, 1740)
2026-08-26 11:51:12 [PASS] Digit 3 entered.
2026-08-26 11:51:13 [INFO] Entering digit 4/6: 4
2026-08-26 11:51:13 [INFO] Tapped coordinate: (185, 1885)
2026-08-26 11:51:13 [PASS] Digit 4 entered.
2026-08-26 11:51:13 [INFO] Entering digit 5/6: 5
2026-08-26 11:51:13 [INFO] Tapped coordinate: (423, 1885)
2026-08-26 11:51:13 [PASS] Digit 5 entered.
2026-08-26 11:51:14 [INFO] Entering digit 6/6: 6
2026-08-26 11:51:14 [INFO] Tapped coordinate: (674, 1885)
2026-08-26 11:51:14 [PASS] Digit 6 entered.
2026-08-26 11:51:17 [PASS] OTP entered successfully: REDACTED
2026-08-26 11:51:17 [PASS] ✓ STEP 6 COMPLETED
2026-08-26 11:51:17 [PASS] STEP 6 COMPLETED
2026-08-26 11:51:17 [STEP] STEP 7: VERIFY
2026-08-26 11:51:17 [INFO] Looking for Verify button...
2026-08-26 11:51:19 [PASS] Verify button found.
2026-08-26 11:51:19 [INFO] Clicking Verify...
2026-08-26 11:51:21 [PASS] Verify button clicked.
2026-08-26 11:51:21 [INFO] Waiting for login...
2026-08-26 11:51:26 [PASS] Login completed.
2026-08-26 11:51:26 [PASS] ✓ STEP 7 COMPLETED
2026-08-26 11:51:26 [PASS] STEP 7 COMPLETED
2026-08-26 11:51:26 [STEP] STEP 8: HOME SCREEN
2026-08-26 11:51:26 [INFO] Waiting for application to reach Home...
2026-08-26 11:51:29 [INFO] Checking notification permission...
2026-08-26 11:51:29 [PASS] Notification permission popup detected.
2026-08-26 11:51:29 [INFO] Clicking Allow...
2026-08-26 11:51:30 [PASS] Notification permission allowed.
2026-08-26 11:51:34 [INFO] Waiting for application to return...
2026-08-26 11:51:34 [PASS] Application returned to foreground.
2026-08-26 11:51:34 [INFO] Closing Instagram connection screen...
2026-08-26 11:51:34 [INFO] Tapped coordinate: (981, 187)
2026-08-26 11:51:35 [PASS] Instagram screen closed.
2026-08-26 11:51:35 [INFO] Checking Home screen...
2026-08-26 11:51:36 [PASS] Home screen found.
2026-08-26 11:51:36 [INFO] Checking Home screen ScrollView...
2026-08-26 11:51:36 [PASS] Home screen ScrollView found.
2026-08-26 11:51:36 [PASS] Home screen ScrollView is scrollable.
2026-08-26 11:51:36 [PASS] Home screen loaded successfully.
2026-08-26 11:51:36 [INFO] Current Package: com.influencer.marketing
2026-08-26 11:51:36 [INFO] Current Activity: .MainActivity
2026-08-26 11:51:36 [INFO] Keeping application open for 30 seconds...
2026-08-26 11:51:36 [INFO] Application closing in 30 seconds...
2026-08-26 11:51:37 [INFO] Application closing in 29 seconds...
2026-08-26 11:51:38 [INFO] Application closing in 28 seconds...
2026-08-26 11:51:39 [INFO] Application closing in 27 seconds...
2026-08-26 11:51:40 [INFO] Application closing in 26 seconds...
2026-08-26 11:51:41 [INFO] Application closing in 25 seconds...
2026-08-26 11:51:42 [INFO] Application closing in 24 seconds...
2026-08-26 11:51:43 [INFO] Application closing in 23 seconds...
2026-08-26 11:51:44 [INFO] Application closing in 22 seconds...
2026-08-26 11:51:45 [INFO] Application closing in 21 seconds...
2026-08-26 11:51:46 [INFO] Application closing in 20 seconds...
2026-08-26 11:51:47 [INFO] Application closing in 19 seconds...
2026-08-26 11:51:48 [INFO] Application closing in 18 seconds...
2026-08-26 11:51:49 [INFO] Application closing in 17 seconds...
2026-08-26 11:51:50 [INFO] Application closing in 16 seconds...
2026-08-26 11:51:51 [INFO] Application closing in 15 seconds...
2026-08-26 11:51:52 [INFO] Application closing in 14 seconds...
2026-08-26 11:51:53 [INFO] Application closing in 13 seconds...
2026-08-26 11:51:54 [INFO] Application closing in 12 seconds...
2026-08-26 11:51:55 [INFO] Application closing in 11 seconds...
2026-08-26 11:51:56 [INFO] Application closing in 10 seconds...
2026-08-26 11:51:57 [INFO] Application closing in 9 seconds...
2026-08-26 11:51:58 [INFO] Application closing in 8 seconds...
2026-08-26 11:51:59 [INFO] Application closing in 7 seconds...
2026-08-26 11:52:00 [INFO] Application closing in 6 seconds...
2026-08-26 11:52:01 [INFO] Application closing in 5 seconds...
2026-08-26 11:52:02 [INFO] Application closing in 4 seconds...
2026-08-26 11:52:03 [INFO] Application closing in 3 seconds...
2026-08-26 11:52:04 [INFO] Application closing in 2 seconds...
2026-08-26 11:52:05 [INFO] Application closing in 1 seconds...
2026-08-26 11:52:06 [PASS] Home screen wait completed.
2026-08-26 11:52:06 [PASS] ✓ STEP 8 COMPLETED
2026-08-26 11:52:06 [PASS] STEP 8 COMPLETED
2026-08-26 11:52:06 [PASS] 
2026-08-26 11:52:06 [PASS] ==================================================
2026-08-26 11:52:06 [PASS]        AUTOMATION FLOW COMPLETED SUCCESSFULLY
2026-08-26 11:52:06 [PASS] ==================================================
2026-08-26 11:52:06 [PASS] Execution log: D:\Influish-Automation\automation-results\logs\automation-2026-08-26_11-50-41.log
2026-08-26 11:52:08 [PASS] Appium session closed successfully.

==================================================
AUTOMATION EXECUTION FINISHED
Time: 2026-08-26T11:52:08.062411700
==================================================
