==================================================
APPIUM AUTOMATION LOG
==================================================
Started: 2026-08-25T16:30:13.753814
Device: moto g85 5g
UDID: ZA222MSVRX
Package: com.influencer.marketing

2026-08-25 16:30:13 [STEP] STEP 0: STARTING APPIUM
2026-08-25 16:30:13 [INFO] Connecting to Appium server...
2026-08-25 16:30:13 [INFO] Server: http://127.0.0.1:4723
2026-08-25 16:30:22 [PASS] Appium session created successfully.
2026-08-25 16:30:22 [PASS] Appium connected successfully.
2026-08-25 16:30:22 [INFO] Device: moto g85 5g
2026-08-25 16:30:22 [INFO] UDID: ZA222MSVRX
2026-08-25 16:30:22 [INFO] Package: com.influencer.marketing
2026-08-25 16:30:22 [INFO] Activity: .MainActivity
2026-08-25 16:30:22 [PASS] Application launched successfully.
2026-08-25 16:30:22 [PASS] ✓ STEP 0 COMPLETED
2026-08-25 16:30:22 [PASS] STEP 0 COMPLETED
2026-08-25 16:30:22 [STEP] STEP 1: CONTENT CREATOR
2026-08-25 16:30:22 [INFO] Looking for Content Creator...
2026-08-25 16:30:29 [PASS] Content Creator found.
2026-08-25 16:30:31 [PASS] Content Creator clicked.
2026-08-25 16:30:31 [PASS] ✓ STEP 1 COMPLETED
2026-08-25 16:30:31 [PASS] STEP 1 COMPLETED
2026-08-25 16:30:31 [STEP] STEP 2: GOOGLE AUTOFILL
2026-08-25 16:30:31 [INFO] Checking Google Autofill popup...
2026-08-25 16:30:31 [PASS] Google Autofill popup dismissed.
2026-08-25 16:30:31 [PASS] ✓ STEP 2 COMPLETED
2026-08-25 16:30:31 [PASS] STEP 2 COMPLETED
2026-08-25 16:30:31 [STEP] STEP 3: MOBILE NUMBER
2026-08-25 16:30:31 [INFO] Looking for mobile number field...
2026-08-25 16:30:32 [PASS] Mobile number field found.
2026-08-25 16:30:33 [INFO] Entering mobile number...
2026-08-25 16:30:33 [PASS] Mobile number entered successfully.
2026-08-25 16:30:33 [PASS] ✓ STEP 3 COMPLETED
2026-08-25 16:30:33 [PASS] STEP 3 COMPLETED
2026-08-25 16:30:33 [STEP] STEP 4: GET OTP
2026-08-25 16:30:33 [INFO] Looking for Get OTP button...
2026-08-25 16:30:34 [PASS] Get OTP button found.
2026-08-25 16:30:35 [PASS] Get OTP clicked.
2026-08-25 16:30:35 [PASS] ✓ STEP 4 COMPLETED
2026-08-25 16:30:35 [PASS] STEP 4 COMPLETED
2026-08-25 16:30:35 [STEP] STEP 5: OTP SCREEN
2026-08-25 16:30:35 [INFO] Waiting for OTP screen...
2026-08-25 16:30:37 [PASS] OTP screen detected.
2026-08-25 16:30:39 [PASS] OTP screen is ready.
2026-08-25 16:30:39 [PASS] ✓ STEP 5 COMPLETED
2026-08-25 16:30:39 [PASS] STEP 5 COMPLETED
2026-08-25 16:30:39 [STEP] STEP 6: ENTER OTP
2026-08-25 16:30:39 [INFO] Opening OTP input field...
2026-08-25 16:30:39 [INFO] Tapped coordinate: (144, 1757)
2026-08-25 16:30:39 [PASS] OTP input field opened.
2026-08-25 16:30:39 [INFO] Waiting for keypad...
2026-08-25 16:30:42 [PASS] OTP keypad ready.
2026-08-25 16:30:42 [INFO] Entering digit 1/6: 1
2026-08-25 16:30:42 [INFO] Tapped coordinate: (185, 1740)
2026-08-25 16:30:42 [PASS] Digit 1 entered.
2026-08-25 16:30:42 [INFO] Entering digit 2/6: 2
2026-08-25 16:30:42 [INFO] Tapped coordinate: (423, 1740)
2026-08-25 16:30:42 [PASS] Digit 2 entered.
2026-08-25 16:30:43 [INFO] Entering digit 3/6: 3
2026-08-25 16:30:43 [INFO] Tapped coordinate: (674, 1740)
2026-08-25 16:30:43 [PASS] Digit 3 entered.
2026-08-25 16:30:43 [INFO] Entering digit 4/6: 4
2026-08-25 16:30:44 [INFO] Tapped coordinate: (185, 1885)
2026-08-25 16:30:44 [PASS] Digit 4 entered.
2026-08-25 16:30:44 [INFO] Entering digit 5/6: 5
2026-08-25 16:30:44 [INFO] Tapped coordinate: (423, 1885)
2026-08-25 16:30:44 [PASS] Digit 5 entered.
2026-08-25 16:30:45 [INFO] Entering digit 6/6: 6
2026-08-25 16:30:45 [INFO] Tapped coordinate: (674, 1885)
2026-08-25 16:30:45 [PASS] Digit 6 entered.
2026-08-25 16:30:48 [PASS] OTP entered successfully: REDACTED
2026-08-25 16:30:48 [PASS] ✓ STEP 6 COMPLETED
2026-08-25 16:30:48 [PASS] STEP 6 COMPLETED
2026-08-25 16:30:48 [STEP] STEP 7: VERIFY
2026-08-25 16:30:48 [INFO] Looking for Verify button...
2026-08-25 16:30:50 [PASS] Verify button found.
2026-08-25 16:30:50 [INFO] Clicking Verify...
2026-08-25 16:30:52 [PASS] Verify button clicked.
2026-08-25 16:30:52 [INFO] Waiting for login...
2026-08-25 16:30:57 [PASS] Login completed.
2026-08-25 16:30:57 [PASS] ✓ STEP 7 COMPLETED
2026-08-25 16:30:57 [PASS] STEP 7 COMPLETED
2026-08-25 16:30:57 [STEP] STEP 8: HOME SCREEN
2026-08-25 16:30:57 [INFO] Waiting for application to reach Home...
2026-08-25 16:31:00 [INFO] Checking notification permission...
2026-08-25 16:31:00 [PASS] Notification permission popup detected.
2026-08-25 16:31:00 [INFO] Clicking Allow...
2026-08-25 16:31:10 [PASS] Notification permission allowed.
2026-08-25 16:31:11 [INFO] Waiting for application to return...
2026-08-25 16:31:12 [PASS] Application returned to foreground.
2026-08-25 16:31:12 [INFO] Checking Home screen ScrollView...
2026-08-25 16:31:14 [PASS] Home screen ScrollView found.
2026-08-25 16:31:14 [ERROR] 
2026-08-25 16:31:14 [ERROR] ==================================================
2026-08-25 16:31:14 [ERROR]               AUTOMATION FAILED
2026-08-25 16:31:14 [ERROR] ==================================================
2026-08-25 16:31:14 [ERROR] Failed Step: STEP 8 - HOME SCREEN
2026-08-25 16:31:14 [ERROR] Reason: Home screen ScrollView is not scrollable.
2026-08-25 16:31:14 [ERROR] Failed Step: STEP 8 - HOME SCREEN
2026-08-25 16:31:14 [ERROR] Reason: Home screen ScrollView is not scrollable.
2026-08-25 16:31:14 [ERROR] Exception Details:
java.lang.RuntimeException: Home screen ScrollView is not scrollable.
	at com.influencer.marketing.AppiumConnectionTest.verifyHomeScrollView(AppiumConnectionTest.java:1151)
	at com.influencer.marketing.AppiumConnectionTest.waitOnHomeScreen(AppiumConnectionTest.java:1059)
	at com.influencer.marketing.AppiumConnectionTest.main(AppiumConnectionTest.java:330)
	at org.codehaus.mojo.exec.ExecJavaMojo.doMain(ExecJavaMojo.java:375)
	at org.codehaus.mojo.exec.ExecJavaMojo.doExec(ExecJavaMojo.java:364)
	at org.codehaus.mojo.exec.ExecJavaMojo.lambda$execute$0(ExecJavaMojo.java:286)
	at java.base/java.lang.Thread.run(Thread.java:833)

2026-08-25 16:31:14 [ERROR] Current Package: com.influencer.marketing
2026-08-25 16:31:14 [ERROR] Current Activity: .MainActivity
2026-08-25 16:31:15 [PASS] Failure screenshot saved:
2026-08-25 16:31:15 [INFO] D:\Influish-Automation\automation-results\screenshots\FAILURE_STEP_8_-_HOME_SCREEN_2026-08-25_16-31-14.png
2026-08-25 16:31:15 [ERROR] Screenshot saved: D:\Influish-Automation\automation-results\screenshots\FAILURE_STEP_8_-_HOME_SCREEN_2026-08-25_16-31-14.png
2026-08-25 16:31:15 [PASS] Failure page source saved:
2026-08-25 16:31:15 [INFO] D:\Influish-Automation\automation-results\screenshots\FAILURE_STEP_8_-_HOME_SCREEN_2026-08-25_16-31-14.xml
2026-08-25 16:31:15 [ERROR] Page source saved: D:\Influish-Automation\automation-results\screenshots\FAILURE_STEP_8_-_HOME_SCREEN_2026-08-25_16-31-14.xml
2026-08-25 16:31:15 [ERROR] Complete error log saved:
2026-08-25 16:31:15 [ERROR] D:\Influish-Automation\automation-results\logs\automation-2026-08-25_16-30-13.log
2026-08-25 16:31:16 [WARNING] Appium session closed after failure.

==================================================
AUTOMATION EXECUTION FINISHED
Time: 2026-08-25T16:31:16.416571300
==================================================
