==================================================
APPIUM AUTOMATION LOG
==================================================
Started: 2026-08-25T16:13:09.563951300
Device: moto g85 5g
UDID: ZA222MSVRX
Package: com.influencer.marketing

2026-08-25 16:13:09 [STEP] STEP 0: STARTING APPIUM
2026-08-25 16:13:09 [INFO] Connecting to Appium server...
2026-08-25 16:13:09 [INFO] Server: http://127.0.0.1:4723
2026-08-25 16:13:10 [ERROR] 
2026-08-25 16:13:10 [ERROR] ==================================================
2026-08-25 16:13:10 [ERROR]               AUTOMATION FAILED
2026-08-25 16:13:10 [ERROR] ==================================================
2026-08-25 16:13:10 [ERROR] Failed Step: STEP 0 - START APPIUM
2026-08-25 16:13:10 [ERROR] Reason: Could not start a new session. Possible causes are invalid address of the remote server or browser start-up failure. 
Host info: host: 'GULSHANSINGH', ip: '192.168.1.23'
2026-08-25 16:13:10 [ERROR] Failed Step: STEP 0 - START APPIUM
2026-08-25 16:13:10 [ERROR] Reason: Could not start a new session. Possible causes are invalid address of the remote server or browser start-up failure. 
Host info: host: 'GULSHANSINGH', ip: '192.168.1.23'
2026-08-25 16:13:10 [ERROR] Exception Details:
org.openqa.selenium.SessionNotCreatedException: Could not start a new session. Possible causes are invalid address of the remote server or browser start-up failure. 
Host info: host: 'GULSHANSINGH', ip: '192.168.1.23'
	at org.openqa.selenium.remote.RemoteWebDriver.execute(RemoteWebDriver.java:549)
	at io.appium.java_client.AppiumDriver.startSession(AppiumDriver.java:274)
	at org.openqa.selenium.remote.RemoteWebDriver.<init>(RemoteWebDriver.java:154)
	at io.appium.java_client.AppiumDriver.<init>(AppiumDriver.java:89)
	at io.appium.java_client.AppiumDriver.<init>(AppiumDriver.java:101)
	at io.appium.java_client.android.AndroidDriver.<init>(AndroidDriver.java:113)
	at com.influencer.marketing.AppiumConnectionTest.startAppium(AppiumConnectionTest.java:582)
	at com.influencer.marketing.AppiumConnectionTest.main(AppiumConnectionTest.java:158)
	at org.codehaus.mojo.exec.ExecJavaMojo.doMain(ExecJavaMojo.java:375)
	at org.codehaus.mojo.exec.ExecJavaMojo.doExec(ExecJavaMojo.java:364)
	at org.codehaus.mojo.exec.ExecJavaMojo.lambda$execute$0(ExecJavaMojo.java:286)
	at java.base/java.lang.Thread.run(Thread.java:833)
Caused by: org.openqa.selenium.WebDriverException: Connection refused: no further information
Build info: version: '4.10.0', revision: 'c14d967899'
System info: os.name: 'Windows 11', os.arch: 'amd64', os.version: '10.0', java.version: '17.0.2'
Driver info: driver.version: AndroidDriver
	at io.appium.java_client.remote.AppiumCommandExecutor.lambda$execute$4(AppiumCommandExecutor.java:262)
	at java.base/java.util.Optional.orElseGet(Optional.java:364)
	at io.appium.java_client.remote.AppiumCommandExecutor.execute(AppiumCommandExecutor.java:261)
	at org.openqa.selenium.remote.RemoteWebDriver.execute(RemoteWebDriver.java:531)
	... 11 more
Caused by: java.net.ConnectException: Connection refused: no further information
	at java.base/sun.nio.ch.Net.pollConnect(Native Method)
	at java.base/sun.nio.ch.Net.pollConnectNow(Net.java:672)
	at java.base/sun.nio.ch.SocketChannelImpl.finishConnect(SocketChannelImpl.java:946)
	at io.netty.channel.socket.nio.NioSocketChannel.doFinishConnect(NioSocketChannel.java:337)
	at io.netty.channel.nio.AbstractNioChannel$AbstractNioUnsafe.finishConnect(AbstractNioChannel.java:334)
	at io.netty.channel.nio.NioEventLoop.processSelectedKey(NioEventLoop.java:776)
	at io.netty.channel.nio.NioEventLoop.processSelectedKeysOptimized(NioEventLoop.java:724)
	at io.netty.channel.nio.NioEventLoop.processSelectedKeys(NioEventLoop.java:650)
	at io.netty.channel.nio.NioEventLoop.run(NioEventLoop.java:562)
	at io.netty.util.concurrent.SingleThreadEventExecutor$4.run(SingleThreadEventExecutor.java:997)
	at io.netty.util.internal.ThreadExecutorMap$2.run(ThreadExecutorMap.java:74)
	at io.netty.util.concurrent.FastThreadLocalRunnable.run(FastThreadLocalRunnable.java:30)
	... 1 more

2026-08-25 16:13:10 [ERROR] Complete error log saved:
2026-08-25 16:13:10 [ERROR] D:\Influish-Automation\influencer-marketing\automation-results\logs\automation-2026-08-25_16-13-09.log

==================================================
AUTOMATION EXECUTION FINISHED
Time: 2026-08-25T16:13:10.934241700
==================================================
