==================================================
APPIUM AUTOMATION LOG
==================================================
Started: 2026-08-25T16:06:27.578563500
Device: moto g85 5g
UDID: ZA222MSVRX
Package: com.influencer.marketing

2026-08-25 16:06:27 [STEP] STEP 0: STARTING APPIUM
2026-08-25 16:06:27 [INFO] Connecting to Appium server...
2026-08-25 16:06:27 [INFO] Server: http://127.0.0.1:4723
2026-08-25 16:06:35 [PASS] Appium session created successfully.
2026-08-25 16:06:35 [PASS] Appium connected successfully.
2026-08-25 16:06:35 [INFO] Device: moto g85 5g
2026-08-25 16:06:35 [INFO] UDID: ZA222MSVRX
2026-08-25 16:06:35 [INFO] Package: com.influencer.marketing
2026-08-25 16:06:35 [INFO] Activity: .MainActivity
2026-08-25 16:06:35 [PASS] Application launched successfully.
2026-08-25 16:06:35 [PASS] ✓ STEP 0 COMPLETED
2026-08-25 16:06:35 [PASS] STEP 0 COMPLETED
2026-08-25 16:06:35 [STEP] STEP 1: CONTENT CREATOR
2026-08-25 16:06:35 [INFO] Looking for Content Creator...
2026-08-25 16:06:42 [PASS] Content Creator found.
2026-08-25 16:06:42 [PASS] Content Creator clicked.
2026-08-25 16:06:42 [PASS] ✓ STEP 1 COMPLETED
2026-08-25 16:06:42 [PASS] STEP 1 COMPLETED
2026-08-25 16:06:42 [STEP] STEP 2: GOOGLE AUTOFILL
2026-08-25 16:06:42 [INFO] Checking Google Autofill popup...
2026-08-25 16:06:44 [PASS] Google Autofill popup dismissed.
2026-08-25 16:06:44 [PASS] ✓ STEP 2 COMPLETED
2026-08-25 16:06:44 [PASS] STEP 2 COMPLETED
2026-08-25 16:06:44 [STEP] STEP 3: MOBILE NUMBER
2026-08-25 16:06:44 [INFO] Looking for mobile number field...
2026-08-25 16:06:44 [PASS] Mobile number field found.
2026-08-25 16:06:45 [INFO] Entering mobile number...
2026-08-25 16:06:45 [PASS] Mobile number entered successfully.
2026-08-25 16:06:45 [PASS] ✓ STEP 3 COMPLETED
2026-08-25 16:06:45 [PASS] STEP 3 COMPLETED
2026-08-25 16:06:45 [STEP] STEP 4: GET OTP
2026-08-25 16:06:45 [INFO] Looking for Get OTP button...
2026-08-25 16:06:47 [PASS] Get OTP button found.
2026-08-25 16:06:47 [PASS] Get OTP clicked.
2026-08-25 16:06:47 [PASS] ✓ STEP 4 COMPLETED
2026-08-25 16:06:47 [PASS] STEP 4 COMPLETED
2026-08-25 16:06:47 [STEP] STEP 5: OTP SCREEN
2026-08-25 16:06:47 [INFO] Waiting for OTP screen...
2026-08-25 16:06:50 [PASS] OTP screen detected.
2026-08-25 16:06:52 [PASS] OTP screen is ready.
2026-08-25 16:06:52 [PASS] ✓ STEP 5 COMPLETED
2026-08-25 16:06:52 [PASS] STEP 5 COMPLETED
2026-08-25 16:06:52 [STEP] STEP 6: ENTER OTP
2026-08-25 16:06:52 [INFO] Opening OTP input field...
2026-08-25 16:06:52 [INFO] Tapped coordinate: (144, 1757)
2026-08-25 16:06:52 [PASS] OTP input field opened.
2026-08-25 16:06:52 [INFO] Waiting for keypad...
2026-08-25 16:06:54 [PASS] OTP keypad ready.
2026-08-25 16:06:54 [INFO] Entering digit 1/6: 1
2026-08-25 16:06:55 [INFO] Tapped coordinate: (185, 1740)
2026-08-25 16:06:55 [PASS] Digit 1 entered.
2026-08-25 16:06:55 [INFO] Entering digit 2/6: 2
2026-08-25 16:06:55 [INFO] Tapped coordinate: (423, 1740)
2026-08-25 16:06:55 [PASS] Digit 2 entered.
2026-08-25 16:06:56 [INFO] Entering digit 3/6: 3
2026-08-25 16:06:56 [INFO] Tapped coordinate: (674, 1740)
2026-08-25 16:06:56 [PASS] Digit 3 entered.
2026-08-25 16:06:56 [INFO] Entering digit 4/6: 4
2026-08-25 16:06:56 [INFO] Tapped coordinate: (185, 1885)
2026-08-25 16:06:56 [PASS] Digit 4 entered.
2026-08-25 16:06:57 [INFO] Entering digit 5/6: 5
2026-08-25 16:06:57 [INFO] Tapped coordinate: (423, 1885)
2026-08-25 16:06:57 [PASS] Digit 5 entered.
2026-08-25 16:06:58 [INFO] Entering digit 6/6: 6
2026-08-25 16:06:58 [INFO] Tapped coordinate: (674, 1885)
2026-08-25 16:06:58 [PASS] Digit 6 entered.
2026-08-25 16:07:01 [PASS] OTP entered successfully: REDACTED
2026-08-25 16:07:01 [PASS] ✓ STEP 6 COMPLETED
2026-08-25 16:07:01 [PASS] STEP 6 COMPLETED
2026-08-25 16:07:01 [STEP] STEP 7: VERIFY
2026-08-25 16:07:01 [INFO] Looking for Verify button...
2026-08-25 16:07:02 [PASS] Verify button found.
2026-08-25 16:07:02 [INFO] Clicking Verify...
2026-08-25 16:07:04 [PASS] Verify button clicked.
2026-08-25 16:07:04 [INFO] Waiting for login...
2026-08-25 16:07:09 [PASS] Login completed.
2026-08-25 16:07:09 [PASS] ✓ STEP 7 COMPLETED
2026-08-25 16:07:09 [PASS] STEP 7 COMPLETED
2026-08-25 16:07:09 [STEP] STEP 8: HOME SCREEN
2026-08-25 16:07:09 [INFO] Waiting for application to reach Home...
2026-08-25 16:07:12 [INFO] Checking notification permission...
2026-08-25 16:07:13 [PASS] Notification permission popup detected.
2026-08-25 16:07:13 [INFO] Clicking Allow...
2026-08-25 16:07:13 [PASS] Notification permission allowed.
2026-08-25 16:07:14 [INFO] Waiting for application to return...
2026-08-25 16:07:15 [PASS] Application returned to foreground.
2026-08-25 16:07:15 [INFO] Checking Home screen ScrollView...
2026-08-25 16:07:36 [PASS] Home screen ScrollView found.
2026-08-25 16:07:36 [PASS] Home screen ScrollView is scrollable.
2026-08-25 16:07:36 [PASS] Home screen loaded successfully.
2026-08-25 16:07:36 [INFO] Current Package: com.influencer.marketing
2026-08-25 16:07:36 [INFO] Current Activity: .MainActivity
2026-08-25 16:07:36 [INFO] Keeping application open for 30 seconds...
2026-08-25 16:07:36 [INFO] Application closing in 30 seconds...
2026-08-25 16:07:37 [INFO] Application closing in 29 seconds...
2026-08-25 16:07:38 [INFO] Application closing in 28 seconds...
2026-08-25 16:07:39 [INFO] Application closing in 27 seconds...
2026-08-25 16:07:40 [INFO] Application closing in 26 seconds...
2026-08-25 16:07:41 [INFO] Application closing in 25 seconds...
2026-08-25 16:07:42 [INFO] Application closing in 24 seconds...
2026-08-25 16:07:43 [INFO] Application closing in 23 seconds...
2026-08-25 16:07:44 [INFO] Application closing in 22 seconds...
2026-08-25 16:07:45 [INFO] Application closing in 21 seconds...
2026-08-25 16:07:46 [INFO] Application closing in 20 seconds...
2026-08-25 16:07:47 [INFO] Application closing in 19 seconds...
2026-08-25 16:07:48 [INFO] Application closing in 18 seconds...
2026-08-25 16:07:49 [INFO] Application closing in 17 seconds...
2026-08-25 16:07:50 [INFO] Application closing in 16 seconds...
2026-08-25 16:07:51 [INFO] Application closing in 15 seconds...
2026-08-25 16:07:52 [INFO] Application closing in 14 seconds...
2026-08-25 16:07:53 [INFO] Application closing in 13 seconds...
2026-08-25 16:07:54 [INFO] Application closing in 12 seconds...
2026-08-25 16:07:55 [INFO] Application closing in 11 seconds...
2026-08-25 16:07:56 [INFO] Application closing in 10 seconds...
2026-08-25 16:07:57 [INFO] Application closing in 9 seconds...
2026-08-25 16:07:58 [INFO] Application closing in 8 seconds...
2026-08-25 16:07:59 [INFO] Application closing in 7 seconds...
2026-08-25 16:08:00 [INFO] Application closing in 6 seconds...
2026-08-25 16:08:01 [INFO] Application closing in 5 seconds...
2026-08-25 16:08:02 [INFO] Application closing in 4 seconds...
2026-08-25 16:08:03 [INFO] Application closing in 3 seconds...
2026-08-25 16:08:04 [INFO] Application closing in 2 seconds...
2026-08-25 16:08:05 [INFO] Application closing in 1 seconds...
2026-08-25 16:08:06 [PASS] Home screen wait completed.
2026-08-25 16:08:06 [PASS] ✓ STEP 8 COMPLETED
2026-08-25 16:08:06 [PASS] STEP 8 COMPLETED
2026-08-25 16:08:06 [PASS] 
2026-08-25 16:08:06 [PASS] ==================================================
2026-08-25 16:08:06 [PASS]        AUTOMATION FLOW COMPLETED SUCCESSFULLY
2026-08-25 16:08:06 [PASS] ==================================================
2026-08-25 16:08:06 [PASS] Execution log: D:\Influish-Automation\influencer-marketing\automation-results\logs\automation-2026-08-25_16-06-27.log
2026-08-25 16:08:08 [PASS] Appium session closed successfully.

==================================================
AUTOMATION EXECUTION FINISHED
Time: 2026-08-25T16:08:08.203064600
==================================================
